******************************************************************************
                  TI ARM Linker PC v20.2.1                     
******************************************************************************
>> Linked Mon Mar 15 12:37:26 2021

OUTPUT FILE NAME:   <Bio_Sensor_Library_Test.out>
ENTRY POINT SYMBOL: "ResetISR"  address: 00008a45


MEMORY CONFIGURATION

         name            origin    length      used     unused   attr    fill
----------------------  --------  ---------  --------  --------  ----  --------
  FLASH                 00000000   00058000  0000aee8  0004d118  R  X
  GPRAM                 11000000   00002000  00000000  00002000  RW X
  SRAM                  20000000   00014000  0000564c  0000e9b4  RW X
  LOG_DATA              90000000   00040000  00000000  00040000  R   


SEGMENT ALLOCATION MAP

run origin  load origin   length   init length attrs members
----------  ----------- ---------- ----------- ----- -------
00000000    00000000    0000ae90   0000ae90    r-x
  00000000    00000000    0000003c   0000003c    r-- .resetVecs
  0000003c    0000003c    0000a560   0000a560    r-x .text
  0000a59c    0000a59c    0000070c   0000070c    r-- .const
  0000aca8    0000aca8    000001e8   000001e8    r-- .cinit
00057fa8    00057fa8    00000058   00000058    r--
  00057fa8    00057fa8    00000058   00000058    r-- .ccfg
20000100    20000100    0000000c   00000000    rw-
  20000100    20000100    00000004   00000000    rw- .data:xdcRomConstPtr
  20000104    20000104    00000004   00000000    rw- .data:xdcRomExternFuncPtr
  20000108    20000108    00000004   00000000    rw- .data:xdcRomStatePtr
20000110    20000110    00004000   00000000    r--
  20000110    20000110    00004000   00000000    r-- .priheap
20004110    20004110    0000116d   00000000    rw-
  20004110    20004110    00000ba3   00000000    rw- .bss
  20004cb8    20004cb8    000005c5   00000000    rw- .data
20013c00    20013c00    00000400   00000000    rw-
  20013c00    20013c00    00000400   00000000    rw- .stack


SECTION ALLOCATION MAP

 output                                  attributes/
section   page    origin      length       input sections
--------  ----  ----------  ----------   ----------------
.binit     0    00000000    00000000     

.cinit     0    0000aca8    000001e8     
                  0000aca8    00000191     (.cinit..data.load) [load image, compression = lzss]
                  0000ae39    00000003     --HOLE-- [fill = 0]
                  0000ae3c    0000000c     (__TI_handler_table)
                  0000ae48    00000008     (.cinit..bss.load) [load image, compression = zero_init]
                  0000ae50    00000008     (.cinit..data:xdcRomConstPtr.load) [load image, compression = lzss]
                  0000ae58    00000008     (.cinit..data:xdcRomExternFuncPtr.load) [load image, compression = lzss]
                  0000ae60    00000008     (.cinit..data:xdcRomStatePtr.load) [load image, compression = lzss]
                  0000ae68    00000028     (__TI_cinit_table)

.init_array 
*          0    00000000    00000000     UNINITIALIZED

.ccfg      0    00057fa8    00000058     
                  00057fa8    00000058     ti_devices_config.obj (.ccfg:retain)

.bss       0    20004110    00000ba3     UNINITIALIZED
                  20004110    00000400     ti_drivers_config.obj (.bss:displayUARTBuffer)
                  20004510    00000200     release_pem4f.oem4f (.bss:taskStackSection)
                  20004710    000001b4     (.common:uartCC26XXObjects)
                  200048c4    00000144     (.common:i2cCC26xxObjects)
                  20004a08    000000d8     (.common:ti_sysbios_family_arm_m3_Hwi_dispatchTable)
                  20004ae0    0000007c     (.common:pinHandleTable)
                  20004b5c    00000050     drivers_cc26x2.a : PINCC26XX.oem4f (.bss:pinSemaphore)
                  20004bac    00000034                      : PINCC26XX.oem4f (.bss:pinSwi)
                  20004be0    00000020                      : GPIOCC26XX.oem4f (.bss:gpioCallbackInfo)
                  20004c00    00000020                      : PINCC26XX.oem4f (.bss:pinGpioConfigTable)
                  20004c20    00000020     ti_drivers_config.obj (.bss:uartCC26XXRingBuffer0)
                  20004c40    00000020     (.common:gi2cTransaction)
                  20004c60    0000001c     drivers_cc26x2.a : PINCC26XX.oem4f (.bss:pinHwi)
                  20004c7c    0000000c                      : GPIOCC26XX.oem4f (.bss:gpioPinState)
                  20004c88    0000000c     (.common:displayUartObject)
                  20004c94    00000008                      : GPIOCC26XX.oem4f (.bss)
                  20004c9c    00000004     bio_sensor_library_test.obj (.bss)
                  20004ca0    00000004     drivers_cc26x2.a : PINCC26XX.oem4f (.bss)
                  20004ca4    00000004     (.common:PowerCC26XX_swiKey)
                  20004ca8    00000004     (.common:PowerCC26XX_taskKey)
                  20004cac    00000004     (.common:gi2cHandle)
                  20004cb0    00000001     (.common:driverlib_release_0_58048)
                  20004cb1    00000001     (.common:userAlgoMode)
                  20004cb2    00000001     (.common:userOutputMode)

.data      0    20004cb8    000005c5     UNINITIALIZED
                  20004cb8    00000170     drivers_cc26x2.a : PowerCC26X2.oem4f (.data:PowerCC26X2_module)
                  20004e28    0000010c     release_pem4f.oem4f (.data:ROM_stateStruct)
                  20004f34    00000088     rom_sysbios.aem4f : rom_sysbios.obj (.data:$O1$$)
                  20004fbc    00000054     release_pem4f.oem4f (.data:ti_sysbios_gates_GateMutex_Object__table__V)
                  20005010    0000004c     release_pem4f.oem4f (.data:ti_sysbios_knl_Task_Object__table__V)
                  2000505c    00000004     drivers_cc26x2.a : GPIOCC26XX.oem4f (.data:gpioPinTable)
                  20005060    00000048     release_pem4f.oem4f (.data:ti_sysbios_family_arm_cc26xx_Timer_Object__table__V)
                  200050a8    00000030     release_pem4f.oem4f (.data:ti_sysbios_knl_Swi_Module_State_0_readyQ__A)
                  200050d8    00000030     release_pem4f.oem4f (.data:ti_sysbios_knl_Swi_Object__table__V)
                  20005108    00000030     release_pem4f.oem4f (.data:ti_sysbios_knl_Task_Module_State_0_readyQ__A)
                  20005138    00000024     driverlib.lib : osc.obj (.data:$O1$$)
                  2000515c    00000020     release_pem4f.oem4f (.data:ti_sysbios_knl_Clock_Object__table__V)
                  2000517c    00000020     release_pem4f.oem4f (.data:xdc_runtime_Error_IgnoreBlock)
                  2000519c    00000018     release_pem4f.oem4f (.data:ti_sysbios_family_arm_m3_Hwi_Object__table__V)
                  200051b4    00000018     release_pem4f.oem4f (.data:ti_sysbios_heaps_HeapMem_Object__table__V)
                  200051cc    00000010     ti_drivers_config.obj (.data:gpioCallbackFunctions)
                  200051dc    00000010     ti_drivers_config.obj (.data:gpioPinConfigs)
                  200051ec    00000008     rtsv7M4_T_le_v4SPD16_eabi.lib : _lock.c.obj (.data:$O1$$)
                  200051f4    00000008     drivers_cc26x2.a : PINCC26XX.oem4f (.data)
                  200051fc    00000008     release_pem4f.oem4f (.data:ti_sysbios_family_arm_m3_Hwi_Module__root__V)
                  20005204    00000008     release_pem4f.oem4f (.data:ti_sysbios_gates_GateHwi_Module__root__V)
                  2000520c    00000008     release_pem4f.oem4f (.data:ti_sysbios_gates_GateMutex_Module__root__V)
                  20005214    00000008     release_pem4f.oem4f (.data:ti_sysbios_hal_Hwi_Module__root__V)
                  2000521c    00000008     release_pem4f.oem4f (.data:ti_sysbios_heaps_HeapMem_Module__root__V)
                  20005224    00000008     release_pem4f.oem4f (.data:ti_sysbios_knl_Clock_Module__root__V)
                  2000522c    00000008     release_pem4f.oem4f (.data:ti_sysbios_knl_Event_Module__root__V)
                  20005234    00000008     release_pem4f.oem4f (.data:ti_sysbios_knl_Mailbox_Module__root__V)
                  2000523c    00000008     release_pem4f.oem4f (.data:ti_sysbios_knl_Queue_Module__root__V)
                  20005244    00000008     release_pem4f.oem4f (.data:ti_sysbios_knl_Semaphore_Module__root__V)
                  2000524c    00000008     release_pem4f.oem4f (.data:ti_sysbios_knl_Swi_Module__root__V)
                  20005254    00000008     release_pem4f.oem4f (.data:ti_sysbios_knl_Task_Module__root__V)
                  2000525c    00000008     release_pem4f.oem4f (.data:xdc_runtime_System_Module_State_0_atexitHandlers__A)
                  20005264    00000005     drivers_cc26x2.a : GPIOCC26XX.oem4f (.data)
                  20005269    00000001     bio_sensor.obj (.data)
                  2000526a    00000002     release_pem4f.oem4f (.data:ti_sysbios_family_arm_m3_Hwi_Module_State_0_excActive__A)
                  2000526c    00000004     rtsv7M4_T_le_v4SPD16_eabi.lib : stkdepth_vars.c.obj (.data)
                  20005270    00000004     release_pem4f.oem4f (.data:ti_sysbios_family_arm_m3_Hwi_Module_State_0_excContext__A)
                  20005274    00000004     release_pem4f.oem4f (.data:ti_sysbios_family_arm_m3_Hwi_Module_State_0_excStack__A)
                  20005278    00000004     release_pem4f.oem4f (.data:ti_sysbios_knl_Task_Module_State_0_idleTask__A)
                  2000527c    00000001     drivers_cc26x2.a : UART.oem4f (.data)

.stack     0    20013c00    00000400     UNINITIALIZED
                  20013c00    00000400     --HOLE--

.priheap   0    20000110    00004000     UNINITIALIZED
                  20000110    00004000     --HOLE--

.log_data 
*          0    90000000    00000000     COPY SECTION

.data:xdcRomConstPtr 
*          0    20000100    00000004     UNINITIALIZED
                  20000100    00000004     release_pem4f.oem4f (.data:xdcRomConstPtr)

.data:xdcRomExternFuncPtr 
*          0    20000104    00000004     UNINITIALIZED
                  20000104    00000004     release_pem4f.oem4f (.data:xdcRomExternFuncPtr)

.data:xdcRomStatePtr 
*          0    20000108    00000004     UNINITIALIZED
                  20000108    00000004     release_pem4f.oem4f (.data:xdcRomStatePtr)

.bootVecs 
*          0    00000000    00000008     DSECT
                  00000000    00000008     boot.aem4f : boot.oem4f (.bootVecs)

.resetVecs 
*          0    00000000    0000003c     
                  00000000    0000003c     release_pem4f.oem4f (.resetVecs)

.vecs      0    20000000    000000d8     NOLOAD SECTION
                  20000000    000000d8     release_pem4f.oem4f (.vecs)

xdc.meta   0    00000000    0000010f     COPY SECTION
                  00000000    0000010f     release_pem4f.oem4f (xdc.meta)

xdc.noload 
*          0    00000000    00000000     COPY SECTION

__llvm_prf_cnts 
*          0    20000000    00000000     UNINITIALIZED

.text      0    0000003c    0000a560     
                  0000003c    00003d00     bio_sensor_library_test.obj (.text:mainThread)
                  00003d3c    000002c8     bio_sensor.obj (.text:readRawAndAlgoData)
                  00004004    00000276     bio_sensor_library_test.obj (.text:i2cErrorHandler)
                  0000427a    00000002     ti_drivers_config.obj (.text:Board_initHook)
                  0000427c    0000025c     bio_sensor.obj (.text:readAlgoData)
                  000044d8    000001e8     bio_sensor.obj (.text:readSensorData)
                  000046c0    000001d8     bio_sensor.obj (.text:I2CReadMultiple32BitValues)
                  00004898    000001cc     drivers_cc26x2.a : PINCC26XX.oem4f (.text:PIN_init)
                  00004a64    000001b6     rtsv7M4_T_le_v4SPD16_eabi.lib : fd_add_t2.asm.obj (.text)
                  00004c1a    00000002     display.a : DisplayUart.oem4f (.text:DisplayUartMin_clear)
                  00004c1c    00000198     drivers_cc26x2.a : PowerCC26X2.oem4f (.text:Power_sleep)
                  00004db4    00000190                      : PowerCC26X2_calibrateRCOSC.oem4f (.text:calibrateRcoscHf1)
                  00004f44    0000018c                      : PowerCC26X2_calibrateRCOSC.oem4f (.text:runCalibrateFsm)
                  000050d0    00000188     release_pem4f.oem4f (.text:xdc_runtime_System_printfExtend__I)
                  00005258    00000174     drivers_cc26x2.a : PowerCC26X2.oem4f (.text:Power_init)
                  000053cc    00000164     bio_sensor.obj (.text:I2CReadFillArray)
                  00005530    00000164     drivers_cc26x2.a : UARTCC26XX.oem4f (.text:UARTCC26XX_open)
                  00005694    00000154                      : UARTCC26XX.oem4f (.text:UARTCC26XX_hwiIntFxn)
                  000057e8    0000013a                      : UARTCC26XX.oem4f (.text:UARTCC26XX_read)
                  00005922    00000002     display.a : DisplayUart.oem4f (.text:DisplayUartMin_clearLines)
                  00005924    00000128     bio_sensor.obj (.text:configMAX32664)
                  00005a4c    00000122     drivers_cc26x2.a : I2C.oem4f (.text:I2C_transferTimeout)
                  00005b6e    00000002     display.a : DisplayUart.oem4f (.text:DisplayUartMin_init)
                  00005b70    00000120     drivers_cc26x2.a : PowerCC26X2.oem4f (.text:configureXOSCHF)
                  00005c90    00000110                      : GPIOCC26XX.oem4f (.text:GPIO_setConfig)
                  00005da0    00000110                      : I2CCC26XX.oem4f (.text:I2C_open)
                  00005eb0    0000010c     bio_sensor.obj (.text:readRawData)
                  00005fbc    000000fc     bio_sensor.obj (.text:I2CRead32BitValue)
                  000060b8    000000fc     rtsv7M4_T_le_v4SPD16_eabi.lib : fd_mul_t2.asm.obj (.text)
                  000061b4    000000f8     bio_sensor.obj (.text:I2CReadIntWithWriteByte)
                  000062ac    000000f8     driverlib.lib : sys_ctrl.obj (.text:NOROM_SysCtrlStandby)
                  000063a4    000000f8     drivers_cc26x2.a : PINCC26XX.oem4f (.text:PINCC26XX_setIoCfg)
                  0000649c    000000ec                      : I2CCC26XX.oem4f (.text:I2CCC26XX_hwiFxn)
                  00006588    000000ec     bio_sensor.obj (.text:I2CReadInt)
                  00006674    000000ec     rom_sysbios.aem4f : rom_sysbios.obj (.text:pthread_create)
                  00006760    000000e2     bio_sensor.obj (.text:readPulseAmp)
                  00006842    000000e0     drivers_cc26x2.a : UARTCC26XX.oem4f (.text:UARTCC26XX_write)
                  00006922    00000002                      : I2C.oem4f (.text:I2C_init)
                  00006924    000000d0     bio_sensor.obj (.text:I2CReadBytewithWriteByte)
                  000069f4    000000c8     dpl_cc26x2.a : PowerCC26X2_tirtos.oem4f (.text:PowerCC26XX_standbyPolicy)
                  00006abc    000000c4     drivers_cc26x2.a : GPIOCC26XX.oem4f (.text:GPIO_init)
                  00006b80    000000c4     bio_sensor.obj (.text:I2CReadByte)
                  00006c44    000000c0     drivers_cc26x2.a : PowerCC26X2.oem4f (.text:Power_releaseDependency)
                  00006d04    000000c0                      : UARTCC26XX.oem4f (.text:UARTCC26XX_initIO)
                  00006dc4    000000ba                      : I2CCC26XX.oem4f (.text:I2CCC26XX_swiFxn)
                  00006e7e    00000002     rtsv7M4_T_le_v4SPD16_eabi.lib : _lock.c.obj (.text:_nop)
                  00006e80    000000b8     drivers_cc26x2.a : PowerCC26X2.oem4f (.text:Power_setDependency)
                  00006f38    000000b8                      : UARTCC26XX.oem4f (.text:UARTCC26XX_initHw)
                  00006ff0    000000b4     bio_sensor.obj (.text:I2CWrite2Bytes)
                  000070a4    000000ac     drivers_cc26x2.a : PINCC26XX.oem4f (.text:PIN_open)
                  00007150    000000ac     driverlib.lib : setup.obj (.text:TrimAfterColdResetWakeupFromShutDown)
                  000071fc    000000a8     bio_sensor.obj (.text:I2CWriteByte)
                  000072a4    000000a8     bio_sensor.obj (.text:I2CenableWriteByte)
                  0000734c    000000a0     auto_init.aem4f : auto_init.oem4f (.text)
                  000073ec    000000a0     rom_sysbios.aem4f : rom_sysbios.obj (.text:ti_sysbios_knl_Task_setPri__E)
                  0000748c    0000009c     bio_sensor.obj (.text:readADCSampleRate)
                  00007528    0000009c     rtsv7M4_T_le_v4SPD16_eabi.lib : memcpy_t2.asm.obj (.text)
                  000075c4    00000098     driverlib.lib : setup.obj (.text:NOROM_SetupTrimDevice)
                  0000765c    00000098     drivers_cc26x2.a : UARTCC26XX.oem4f (.text:writeTxFifoFlush)
                  000076f4    00000096     rtsv7M4_T_le_v4SPD16_eabi.lib : ull_div_t2.asm.obj (.text)
                  0000778a    00000092     drivers_cc26x2.a : UARTCC26XX.oem4f (.text:UARTCC26XX_writeCancel)
                  0000781c    00000088                      : I2CCC26XX.oem4f (.text:I2CSupport_primeTransfer)
                  000078a4    00000088     driverlib.lib : osc.obj (.text:NOROM_OSCHF_AttemptToSwitchToXosc)
                  0000792c    00000088     rom_sysbios.aem4f : rom_sysbios.obj (.text:_pthread_removeThreadKeys)
                  000079b4    00000088     drivers_cc26x2.a : PowerCC26X2_calibrateRCOSC.oem4f (.text:calibrateRcoscHf2)
                  00007a3c    00000088                      : PowerCC26X2.oem4f (.text:disableLFClockQualifiers)
                  00007ac4    00000088                      : PowerCC26X2_calibrateRCOSC.oem4f (.text:updateSubSecInc)
                  00007b4c    00000086     rtsv7M4_T_le_v4SPD16_eabi.lib : fd_cmp_t2.asm.obj (.text:__aeabi_cdcmple)
                  00007bd2    00000086                                   : fd_cmp_t2.asm.obj (.text:__aeabi_cdrcmple)
                  00007c58    00000084     ti_drivers_config.obj (.text:Board_sendExtFlashByte)
                  00007cdc    00000084     drivers_cc26x2.a : UARTCC26XX.oem4f (.text:UARTCC26XX_close)
                  00007d60    00000084     rom_sysbios.aem4f : rom_sysbios.obj (.text:ti_sysbios_family_arm_m3_Hwi_excHandlerMin__I)
                  00007de4    00000080     driverlib.lib : sys_ctrl.obj (.text:NOROM_SysCtrlSetRechargeBeforePowerDown)
                  00007e64    00000080     rom_sysbios.aem4f : rom_sysbios.obj (.text:ti_sysbios_family_arm_cc26xx_Timer_start__E)
                  00007ee4    0000007a     rtsv7M4_T_le_v4SPD16_eabi.lib : memset_t2.asm.obj (.text)
                  00007f5e    00000002     drivers_cc26x2.a : PowerCC26X2.oem4f (.text:emptyClockFunc)
                  00007f60    00000074                      : PowerCC26X2_calibrateRCOSC.oem4f (.text:PowerCC26X2_auxISR)
                  00007fd4    00000070                      : PINCC26XX.oem4f (.text:PIN_add)
                  00008044    0000006e     bio_sensor.obj (.text:setDeviceMode)
                  000080b2    00000002     rtsv7M4_T_le_v4SPD16_eabi.lib : div0.asm.obj (.text)
                  000080b4    0000006d     rom_sysbios.aem4f : rom_sysbios.obj (.text:xdc_runtime_System_formatNum__I)
                  00008121    00000001     --HOLE-- [fill = 0]
                  00008122    00000002     release_pem4f.oem4f (.text:ti_sysbios_BIOS_nullFunc__I)
                  00008124    0000006c     driverlib.lib : chipinfo.obj (.text:NOROM_ChipInfo_GetChipType)
                  00008190    0000006a     bio_sensor.obj (.text:getExtAccelMode)
                  000081fa    0000006a     bio_sensor.obj (.text:readADCRange)
                  00008264    00000068     driverlib.lib : osc.obj (.text:NOROM_OSCHF_SwitchToRcOscTurnOffXosc)
                  000082cc    00000068     rtsv7M4_T_le_v4SPD16_eabi.lib : copy_decompress_lzss.c.obj (.text:decompress:lzss:__TI_decompress_lzss)
                  00008334    00000066     bio_sensor.obj (.text:getAfeAttributesMAX30101)
                  0000839a    00000002     rom_sysbios.aem4f : rom_sysbios.obj (.text:xdc_runtime_SysCallback_defaultAbort)
                  0000839c    00000064     drivers_cc26x2.a : I2CCC26XX.oem4f (.text:I2CCC26XX_initIO)
                  00008400    00000064                      : UARTCC26XX.oem4f (.text:UARTCC26XX_control)
                  00008464    00000064     main_tirtos.obj (.text:main)
                  000084c8    00000064     bio_sensor.obj (.text:softwareResetMAX30101)
                  0000852c    00000062     drivers_cc26x2.a : UARTCC26XX.oem4f (.text:UARTCC26XX_swiIntFxn)
                  0000858e    00000002     rom_sysbios.aem4f : rom_sysbios.obj (.text:xdc_runtime_SysCallback_defaultExit)
                  00008590    00000060     drivers_cc26x2.a : GPIOCC26XX.oem4f (.text:GPIO_write)
                  000085f0    00000060     bio_sensor.obj (.text:readAlgorithmVersion)
                  00008650    00000060     bio_sensor.obj (.text:readBootloaderVersion)
                  000086b0    00000060     bio_sensor.obj (.text:readSensorHubVersion)
                  00008710    0000005c     display.a : Display.oem4f (.text:Display_doOpen)
                  0000876c    0000005c     drivers_cc26x2.a : I2CCC26XX.oem4f (.text:I2C_close)
                  000087c8    0000005c                      : PINCC26XX.oem4f (.text:PIN_remove)
                  00008824    0000005c                      : UARTCC26XX.oem4f (.text:startTxFifoEmptyClk)
                  00008880    0000005c     rom_sysbios.aem4f : rom_sysbios.obj (.text:ti_sysbios_heaps_HeapMem_initPrimary__I)
                  000088dc    0000005c     release_pem4f.oem4f (.text:xdc_runtime_Startup_getState__I)
                  00008938    0000005a     bio_sensor.obj (.text:readPulseWidth)
                  00008992    00000002     rom_sysbios.aem4f : rom_sysbios.obj (.text:xdc_runtime_SysCallback_defaultFlush)
                  00008994    00000058     drivers_cc26x2.a : PowerCC26X2_calibrateRCOSC.oem4f (.text:PowerCC26X2_initiateCalibration)
                  000089ec    00000058     bio_sensor.obj (.text:beginI2C)
                  00008a44    00000058     boot.aem4f : boot.oem4f (.text)
                  00008a9c    00000058     rom_sysbios.aem4f : rom_sysbios.obj (.text:pthread_exit)
                  00008af4    00000056     bio_sensor.obj (.text:softwareResetMAX32664)
                  00008b4a    00000002     rom_sysbios.aem4f : rom_sysbios.obj (.text:xdc_runtime_SysCallback_defaultPutch)
                  00008b4c    00000054     driverlib.lib : prcm.obj (.text:NOROM_PRCMPowerDomainsAllOff)
                  00008ba0    00000054     dpl_cc26x2.a : SwiP_tirtos.oem4f (.text:SwiP_construct)
                  00008bf4    00000050     bio_sensor.obj (.text:getAfeAttributesAccelerometer)
                  00008c44    0000004e     bio_sensor.obj (.text:readMAX30101Mode)
                  00008c92    00000002     --HOLE-- [fill = 0]
                  00008c94    0000004c     ti_drivers_config.obj (.text:Board_wakeUpExtFlash)
                  00008ce0    0000004c     driverlib.lib : prcm.obj (.text:NOROM_PRCMPowerDomainsAllOn)
                  00008d2c    0000004c     drivers_cc26x2.a : UARTCC26XX.oem4f (.text:UARTCC26XX_readCancel)
                  00008d78    0000004c     rtsv7M4_T_le_v4SPD16_eabi.lib : cpy_tbl.c.obj (.text:copy_in)
                  00008dc4    0000004a     display.a : DisplayUart.oem4f (.text:DisplayUartMin_open)
                  00008e0e    00000002     --HOLE-- [fill = 0]
                  00008e10    00000048     drivers_cc26x2.a : I2CCC26XX.oem4f (.text:I2CCC26XX_initHw)
                  00008e58    00000048                      : PINCC26XX.oem4f (.text:PIN_setOutputEnable)
                  00008ea0    00000048                      : PowerCC26X2_calibrateRCOSC.oem4f (.text:PowerCC26X2_RCOSC_clockFunc)
                  00008ee8    00000048     rtsv7M4_T_le_v4SPD16_eabi.lib : fd_toi_t2.asm.obj (.text)
                  00008f30    00000048     drivers_cc26x2.a : PowerCC26X2.oem4f (.text:switchXOSCHF)
                  00008f78    00000048                      : UARTCC26XX.oem4f (.text:writeFinishedDoCallback)
                  00008fc0    00000046     display.a : DisplayUart.oem4f (.text:DisplayUartMin_vprintf)
                  00009006    00000046     drivers_cc26x2.a : RingBuf.oem4f (.text:RingBuf_put)
                  0000904c    00000044     driverlib.lib : chipinfo.obj (.text:NOROM_ChipInfo_GetHwRevision)
                  00009090    00000044     drivers_cc26x2.a : PINCC26XX.oem4f (.text:PIN_swi)
                  000090d4    00000044                      : UART.oem4f (.text:UART_init)
                  00009118    00000044     rtsv7M4_T_le_v4SPD16_eabi.lib : fd_tou_t2.asm.obj (.text)
                  0000915c    00000040     ti_drivers_config.obj (.text:Board_shutDownExtFlash)
                  0000919c    00000040     dpl_cc26x2.a : ClockP_tirtos.oem4f (.text:ClockP_construct)
                  000091dc    00000040     driverlib.lib : osc.obj (.text:NOROM_OSC_HPOSCRelativeFrequencyOffsetGet)
                  0000921c    00000040     drivers_cc26x2.a : RingBuf.oem4f (.text:RingBuf_get)
                  0000925c    00000040                      : UART.oem4f (.text:UART_open)
                  0000929c    00000040     bio_sensor.obj (.text:maximFastAlgoControl)
                  000092dc    00000040     rtsv7M4_T_le_v4SPD16_eabi.lib : u_divt2.asm.obj (.text)
                  0000931c    00000040     rom_sysbios.aem4f : rom_sysbios.obj (.text:ti_sysbios_family_arm_cc26xx_Timer_setThreshold__I)
                  0000935c    0000003e     dpl_cc26x2.a : HwiP_tirtos.oem4f (.text:HwiP_construct)
                  0000939a    00000002     --HOLE-- [fill = 0]
                  0000939c    0000003c     drivers_cc26x2.a : PINCC26XX.oem4f (.text:PIN_setOutputValue)
                  000093d8    0000003c     rom_sysbios.aem4f : rom_sysbios.obj (.text:sleep)
                  00009414    0000003c                       : rom_sysbios.obj (.text:ti_sysbios_family_arm_m3_Hwi_construct2__E)
                  00009450    00000038     drivers_cc26x2.a : PINCC26XX.oem4f (.text:PIN_setConfig)
                  00009488    00000038     bio_sensor.obj (.text:agcAlgoControl)
                  000094c0    00000038     bio_sensor.obj (.text:max30101Control)
                  000094f8    00000038     drivers_cc26x2.a : PowerCC26X2.oem4f (.text:notify)
                  00009530    00000038                      : UARTCC26XX.oem4f (.text:readData)
                  00009568    00000038     rtsv7M4_T_le_v4SPD16_eabi.lib : fs_tod_t2.asm.obj (.text)
                  000095a0    00000038     drivers_cc26x2.a : UARTCC26XX.oem4f (.text:writeData)
                  000095d8    00000036     rom_sysbios.aem4f : rom_sysbios.obj (.text:ti_sysbios_family_arm_cc26xx_Timer_setNextTick__E)
                  0000960e    00000002     --HOLE-- [fill = 0]
                  00009610    00000034     driverlib.lib : aux_sysif.obj (.text:NOROM_AUXSYSIFOpModeChange)
                  00009644    00000034                   : sys_ctrl.obj (.text:NOROM_SysCtrlIdle)
                  00009678    00000034     drivers_cc26x2.a : UARTCC26XX.oem4f (.text:readData2RingBuf)
                  000096ac    00000034     rom_sysbios.aem4f : rom_sysbios.obj (.text:usleep)
                  000096e0    00000032     bio_sensor.obj (.text:setOutputMode)
                  00009712    00000002     --HOLE-- [fill = 0]
                  00009714    00000030     drivers_cc26x2.a : GPIOCC26XX.oem4f (.text:GPIO_hwiIntFxn)
                  00009744    00000030                      : GPIOCC26XX.oem4f (.text:GPIO_setCallback)
                  00009774    00000030                      : PINCC26XX.oem4f (.text:PINCC26XX_setMux)
                  000097a4    00000030                      : PowerCC26X2.oem4f (.text:Power_releaseConstraint)
                  000097d4    00000030                      : PowerCC26X2.oem4f (.text:Power_setConstraint)
                  00009804    00000030     release_pem4f.oem4f (.text:ti_sysbios_BIOS_atExitFunc__I)
                  00009834    00000030     release_pem4f.oem4f (.text:ti_sysbios_BIOS_startFunc__I)
                  00009864    00000030     rom_sysbios.aem4f : rom_sysbios.obj (.text:ti_sysbios_family_arm_cc26xx_Timer_getCurrentTick__E)
                  00009894    00000030                       : rom_sysbios.obj (.text:ti_sysbios_family_arm_cc26xx_Timer_initDevice__I)
                  000098c4    0000002e     rtsv7M4_T_le_v4SPD16_eabi.lib : i_tofd_t2.asm.obj (.text)
                  000098f2    0000002c     dpl_cc26x2.a : SemaphoreP_tirtos.oem4f (.text:SemaphoreP_constructBinary)
                  0000991e    00000002     --HOLE-- [fill = 0]
                  00009920    0000002c                  : SemaphoreP_tirtos.oem4f (.text:SemaphoreP_createBinary)
                  0000994c    0000002c     rom_sysbios.aem4f : rom_sysbios.obj (.text:_pthread_delete$45)
                  00009978    0000002c                       : rom_sysbios.obj (.text:pthread_setcancelstate)
                  000099a4    0000002c                       : rom_sysbios.obj (.text:ti_sysbios_knl_Clock_getTicksUntilInterrupt__E)
                  000099d0    0000002a     display.a : Display.oem4f (.text:Display_doPrintf)
                  000099fa    0000002a     bio_sensor.obj (.text:getMcuType)
                  00009a24    00000028     display.a : Display.oem4f (.text:Display_doInit)
                  00009a4c    00000028     drivers_cc26x2.a : PowerCC26X2.oem4f (.text:Power_registerNotify)
                  00009a74    00000028                      : PowerCC26X2.oem4f (.text:oscillatorISR)
                  00009a9c    00000026                      : I2C.oem4f (.text:I2C_cancel)
                  00009ac2    00000026                      : List.oem4f (.text:List_put)
                  00009ae8    00000026                      : List.oem4f (.text:List_remove)
                  00009b0e    00000026     bio_sensor.obj (.text:readAlgoSampleRate)
                  00009b34    00000026     bio_sensor.obj (.text:readMaximFastCoef)
                  00009b5a    00000026     bio_sensor.obj (.text:setFifoThreshold)
                  00009b80    00000024     driverlib.lib : osc.obj (.text:NOROM_OSCHF_TurnOnXosc)
                  00009ba4    00000024     rom_sysbios.aem4f : rom_sysbios.obj (.text:_pthread_cleanupFxn)
                  00009bc8    00000024     drivers_cc26x2.a : PowerCC26X2_calibrateRCOSC.oem4f (.text:getTdcSemaphore)
                  00009bec    00000024     rom_sysbios.aem4f : rom_sysbios.obj (.text:pthread_attr_init)
                  00009c10    00000024     release_pem4f.oem4f (.text:ti_sysbios_BIOS_registerRTSLock__I)
                  00009c34    00000024     release_pem4f.oem4f (.text:ti_sysbios_BIOS_removeRTSLock__I)
                  00009c58    00000024     rom_sysbios.aem4f : rom_sysbios.obj (.text:ti_sysbios_family_arm_cc26xx_Timer_getMaxTicks__E)
                  00009c7c    00000024     bio_sensor.obj (.text:writeRegisterMAX30101)
                  00009ca0    00000020     ti_drivers_config.obj (.text:Board_init)
                  00009cc0    00000020     drivers_cc26x2.a : PINCC26XX.oem4f (.text:PINCC26XX_setIoCfgMux)
                  00009ce0    00000020                      : PowerCC26X2.oem4f (.text:Power_unregisterNotify)
                  00009d00    00000020     bio_sensor.obj (.text:readRegisterMAX30101)
                  00009d20    00000020     drivers_cc26x2.a : UARTCC26XX.oem4f (.text:threadSafeStdbyDisRelease)
                  00009d40    00000020                      : UARTCC26XX.oem4f (.text:threadSafeStdbyDisSet)
                  00009d60    00000020     release_pem4f.oem4f (.text:ti_sysbios_BIOS_rtsLock__I)
                  00009d80    00000020     rom_sysbios.aem4f : rom_sysbios.obj (.text:ti_sysbios_family_arm_cc26xx_Timer_dynamicStub__E)
                  00009da0    00000020                       : rom_sysbios.obj (.text:xdc_runtime_Error_policyMin__E)
                  00009dc0    0000001e     drivers_cc26x2.a : PINCC26XX.oem4f (.text:PIN_close)
                  00009dde    0000001e                      : PowerCC26X2.oem4f (.text:Power_getTransitionLatency)
                  00009dfc    0000001c     driverlib.lib : chipinfo.obj (.text:NOROM_ChipInfo_GetChipFamily)
                  00009e18    0000001c     drivers_cc26x2.a : PINCC26XX.oem4f (.text:PIN_hwi)
                  00009e34    0000001c     dpl_cc26x2.a : PowerCC26X2_tirtos.oem4f (.text:PowerCC26XX_schedulerDisable)
                  00009e50    0000001c                  : PowerCC26X2_tirtos.oem4f (.text:PowerCC26XX_schedulerRestore)
                  00009e6c    0000001c     rom_sysbios.aem4f : rom_sysbios.obj (.text:ti_sysbios_knl_Swi_construct2__E)
                  00009e88    0000001c     release_pem4f.oem4f (.text:xdc_runtime_Startup_exec__I)
                  00009ea4    0000001a     drivers_cc26x2.a : PowerCC26X2.oem4f (.text:PowerCC26XX_calibrate)
                  00009ebe    0000001a     bio_sensor.obj (.text:readAlgoRange)
                  00009ed8    0000001a     bio_sensor.obj (.text:readAlgoSamples)
                  00009ef2    0000001a     bio_sensor.obj (.text:readAlgoSensitivity)
                  00009f0c    0000001a     bio_sensor.obj (.text:readAlgoStepSize)
                  00009f26    00000002     --HOLE-- [fill = 0]
                  00009f28    00000018     driverlib.lib : chipinfo.obj (.text:NOROM_ChipInfo_GetPackageType)
                  00009f40    00000018     drivers_cc26x2.a : PowerCC26X2.oem4f (.text:Power_idleFunc)
                  00009f58    00000018                      : UART.oem4f (.text:UART_Params_init)
                  00009f70    00000018     rtsv7M4_T_le_v4SPD16_eabi.lib : args_main.c.obj (.text:_args_main)
                  00009f88    00000018     bio_sensor.obj (.text:numSamplesOutFifo)
                  00009fa0    00000018     bio_sensor.obj (.text:readDeviceMode)
                  00009fb8    00000018     bio_sensor.obj (.text:readMAX30101State)
                  00009fd0    00000018     bio_sensor.obj (.text:readSensorHubStatus)
                  00009fe8    00000018     rtsv7M4_T_le_v4SPD16_eabi.lib : ll_mul_t2.asm.obj (.text)
                  0000a000    00000018     drivers_cc26x2.a : PowerCC26X2.oem4f (.text:switchToTCXO)
                  0000a018    00000018     release_pem4f.oem4f (.text:ti_sysbios_BIOS_rtsUnlock__I)
                  0000a030    00000018     rom_sysbios.aem4f : rom_sysbios.obj (.text:ti_sysbios_knl_Swi_or__E)
                  0000a048    00000018                       : rom_sysbios.obj (.text:ti_sysbios_rts_ti_ReentSupport_getReent__F)
                  0000a060    00000018                       : rom_sysbios.obj (.text:xdc_runtime_Error_init__E)
                  0000a078    00000016     display.a : DisplayUart.oem4f (.text:DisplayUartMin_close)
                  0000a08e    00000016     driverlib.lib : chipinfo.obj (.text:NOROM_ThisLibraryIsFor_CC13x2_CC26x2_HwRev20AndLater_HaltIfViolated)
                  0000a0a4    00000016     rom_sysbios.aem4f : rom_sysbios.obj (.text:_pthread_cleanup_pop)
                  0000a0ba    00000016     release_pem4f.oem4f (.text:ti_sysbios_BIOS_exitFunc__I)
                  0000a0d0    00000014     drivers_cc26x2.a : I2CCC26XX.oem4f (.text:I2CSupport_masterFinish)
                  0000a0e4    00000014                      : I2C.oem4f (.text:I2C_transfer)
                  0000a0f8    00000014                      : PowerCC26X2_calibrateRCOSC.oem4f (.text:PowerCC26X2_calibrate)
                  0000a10c    00000014     rom_sysbios.aem4f : rom_sysbios.obj (.text:pthread_attr_setschedparam)
                  0000a120    00000014                       : rom_sysbios.obj (.text:ti_sysbios_family_arm_cc26xx_Timer_getCount64__E)
                  0000a134    00000014     release_pem4f.oem4f (.text:ti_sysbios_knl_Clock_doTick__I)
                  0000a148    00000012     drivers_cc26x2.a : RingBuf.oem4f (.text:RingBuf_construct)
                  0000a15a    00000012     dpl_cc26x2.a : SemaphoreP_tirtos.oem4f (.text:SemaphoreP_pend)
                  0000a16c    00000012     rom_sysbios.aem4f : rom_sysbios.obj (.text:_pthread_runStub$45)
                  0000a17e    00000010     dpl_cc26x2.a : HwiP_tirtos.oem4f (.text:HwiP_Params_init)
                  0000a18e    00000010     drivers_cc26x2.a : I2CCC26XX.oem4f (.text:I2CCC26XX_postNotify)
                  0000a19e    00000002     --HOLE-- [fill = 0]
                  0000a1a0    00000010                      : I2C.oem4f (.text:I2C_Params_init)
                  0000a1b0    00000010                      : PINCC26XX.oem4f (.text:PINCC26XX_getPinCount)
                  0000a1c0    00000010     dpl_cc26x2.a : SwiP_tirtos.oem4f (.text:SwiP_Params_init)
                  0000a1d0    00000010     drivers_cc26x2.a : UARTCC26XX.oem4f (.text:uartPostNotify)
                  0000a1e0    0000000e     rtsv7M4_T_le_v4SPD16_eabi.lib : copy_decompress_none.c.obj (.text:decompress:none:__TI_decompress_none)
                  0000a1ee    0000000e     rom_sysbios.aem4f : rom_sysbios.obj (.text:pthread_attr_setdetachstate)
                  0000a1fc    0000000e                       : rom_sysbios.obj (.text:ti_sysbios_family_arm_cc26xx_TimestampProvider_get32__E)
                  0000a20a    00000002     --HOLE-- [fill = 0]
                  0000a20c    0000000c     dpl_cc26x2.a : ClockP_tirtos.oem4f (.text:ClockP_getSystemTickPeriod)
                  0000a218    0000000c     driverlib.lib : cpu.obj (.text:NOROM_CPUcpsid)
                  0000a224    0000000c                   : cpu.obj (.text:NOROM_CPUcpsie)
                  0000a230    0000000c     drivers_cc26x2.a : PINCC26XX.oem4f (.text:PIN_registerIntCb)
                  0000a23c    0000000c                      : PowerCC26X2.oem4f (.text:Power_getConstraintMask)
                  0000a248    0000000c                      : PowerCC26X2.oem4f (.text:Power_getDependencyCount)
                  0000a254    0000000c     dpl_cc26x2.a : SemaphoreP_tirtos.oem4f (.text:SemaphoreP_delete)
                  0000a260    0000000c     rtsv7M4_T_le_v4SPD16_eabi.lib : _lock.c.obj (.text:_register_lock)
                  0000a26c    0000000c                                   : _lock.c.obj (.text:_register_unlock)
                  0000a278    0000000c                                   : copy_zero_init.c.obj (.text:decompress:ZI:__TI_zero_init)
                  0000a284    0000000c     rom_sysbios.aem4f : rom_sysbios.obj (.text:pthread_self)
                  0000a290    0000000c                       : rom_sysbios.obj (.text:ti_sysbios_knl_Queue_insert__E)
                  0000a29c    0000000c                       : rom_sysbios.obj (.text:ti_sysbios_knl_Swi_getTrigger__E)
                  0000a2a8    0000000a     dpl_cc26x2.a : ClockP_tirtos.oem4f (.text:ClockP_Params_init)
                  0000a2b2    0000000a     drivers_cc26x2.a : UART.oem4f (.text:UART_close)
                  0000a2bc    0000000a                      : UART.oem4f (.text:UART_control)
                  0000a2c6    0000000a                      : UART.oem4f (.text:UART_write)
                  0000a2d0    0000000a                      : UARTCC26XX.oem4f (.text:readSemCallback)
                  0000a2da    0000000a     release_pem4f.oem4f (.text:ti_sysbios_rts_ti_ReentSupport_getTlsAddr__I)
                  0000a2e4    00000008     drivers_cc26x2.a : I2CCC26XX.oem4f (.text:I2CCC26XX_blockingCallback)
                  0000a2ec    00000008                      : UARTCC26XX.oem4f (.text:UARTCC26XX_init)
                  0000a2f4    00000008                      : UARTCC26XX.oem4f (.text:writeSemCallback)
                  0000a2fc    00000008     release_pem4f.oem4f (.text:xdc_runtime_Text_visitRope__I)
                  0000a304    00000006     display.a : DisplayUart.oem4f (.text:DisplayUartMin_control)
                  0000a30a    00000006               : DisplayUart.oem4f (.text:DisplayUartMin_getType)
                  0000a310    00000006     drivers_cc26x2.a : I2CCC26XX.oem4f (.text:I2CSupport_powerRelConstraint)
                  0000a316    00000006                      : I2CCC26XX.oem4f (.text:I2CSupport_powerSetConstraint)
                  0000a31c    00000006     driverlib.lib : cpu.obj (.text:NOROM_CPUdelay)
                  0000a322    00000006     drivers_cc26x2.a : UARTCC26XX.oem4f (.text:UARTCC26XX_readPolling)
                  0000a328    00000006                      : UARTCC26XX.oem4f (.text:UARTCC26XX_writePolling)
                  0000a32e    00000006                      : PowerCC26X2.oem4f (.text:delayUs)
                  0000a334    00000006     rom_sysbios.aem4f : rom_sysbios.obj (.text:pthread_attr_setstacksize)
                  0000a33a    00000004     dpl_cc26x2.a : PowerCC26X2_tirtos.oem4f (.text:CPUwfi)
                  0000a33e    00000004                  : ClockP_tirtos.oem4f (.text:ClockP_destruct)
                  0000a342    00000004                  : ClockP_tirtos.oem4f (.text:ClockP_getCpuFreq)
                  0000a346    00000004                  : ClockP_tirtos.oem4f (.text:ClockP_setTimeout)
                  0000a34a    00000004                  : ClockP_tirtos.oem4f (.text:ClockP_start)
                  0000a34e    00000004                  : ClockP_tirtos.oem4f (.text:ClockP_stop)
                  0000a352    00000004                  : HwiP_tirtos.oem4f (.text:HwiP_destruct)
                  0000a356    00000004                  : HwiP_tirtos.oem4f (.text:HwiP_disable)
                  0000a35a    00000004                  : HwiP_tirtos.oem4f (.text:HwiP_disableInterrupt)
                  0000a35e    00000004                  : HwiP_tirtos.oem4f (.text:HwiP_enableInterrupt)
                  0000a362    00000004                  : SemaphoreP_tirtos.oem4f (.text:SemaphoreP_destruct)
                  0000a366    00000004                  : SemaphoreP_tirtos.oem4f (.text:SemaphoreP_post)
                  0000a36a    00000004                  : SwiP_tirtos.oem4f (.text:SwiP_destruct)
                  0000a36e    00000004                  : SwiP_tirtos.oem4f (.text:SwiP_getTrigger)
                  0000a372    00000004                  : SwiP_tirtos.oem4f (.text:SwiP_or)
                  0000a376    00000004                  : SwiP_tirtos.oem4f (.text:SwiP_post)
                  0000a37a    00000004                  : SystemP_tirtos.oem4f (.text:SystemP_vsnprintf)
                  0000a37e    00000004     rom_sysbios.aem4f : rom_sysbios.obj (.text:__aeabi_errno_addr)
                  0000a382    00000004     drivers_cc26x2.a : PowerCC26X2.oem4f (.text:configureRFCoreClocks)
                  0000a386    00000004                      : PowerCC26X2.oem4f (.text:nopResourceHandler)
                  0000a38a    00000004     rom_sysbios.aem4f : rom_sysbios.obj (.text:ti_sysbios_knl_Task_getArg1__E)
                  0000a38e    00000004                       : rom_sysbios.obj (.text:ti_sysbios_knl_Task_getEnv__E)
                  0000a392    00000004     release_pem4f.oem4f (.text:xdc_runtime_Startup_reset__I)
                  0000a396    00000004     rom_sysbios.aem4f : rom_sysbios.obj (.text:xdc_runtime_SysCallback_defaultReady)
                  0000a39a    00000002     --HOLE-- [fill = 0]
                  0000a39c    00000008     (.tramp.xdc_runtime_System_vsnprintf__E.1)
                  0000a3a4    00000008     (.tramp.ti_sysbios_knl_Swi_destruct.1)
                  0000a3ac    00000008     (.tramp.ti_sysbios_family_arm_m3_Hwi_enableInterrupt__E.1)
                  0000a3b4    00000008     (.tramp.ti_sysbios_family_arm_m3_Hwi_disableInterrupt__E.1)
                  0000a3bc    00000008     (.tramp.ti_sysbios_family_arm_m3_Hwi_disableFxn__E.1)
                  0000a3c4    00000008     (.tramp.ti_sysbios_family_arm_m3_Hwi_destruct.1)
                  0000a3cc    00000008     (.tramp.ti_sysbios_BIOS_getCpuFreq__E.1)
                  0000a3d4    00000008     (.tramp.ti_sysbios_knl_Clock_destruct.1)
                  0000a3dc    00000008     (.tramp.ti_sysbios_knl_Task_self__E.1)
                  0000a3e4    00000008     (.tramp.ti_sysbios_knl_Semaphore_delete.1)
                  0000a3ec    00000008     (.tramp.ti_sysbios_knl_Clock_logTick__E.1)
                  0000a3f4    00000008     (.tramp.ti_sysbios_BIOS_getThreadType__E.1)
                  0000a3fc    00000008     (.tramp.ti_sysbios_knl_Swi_post__E.1)
                  0000a404    00000008     (.tramp.ti_sysbios_BIOS_RtsGateProxy_leave__E.1)
                  0000a40c    00000008     (.tramp.ti_sysbios_knl_Swi_construct.1)
                  0000a414    00000008     (.tramp.ti_sysbios_knl_Swi_restore__E.1)
                  0000a41c    00000008     (.tramp.ti_sysbios_BIOS_RtsGateProxy_enter__E.1)
                  0000a424    00000008     (.tramp.ti_sysbios_knl_Clock_TimerProxy_getCurrentTick__E.1)
                  0000a42c    00000008     (.tramp.ti_sysbios_knl_Task_delete.1)
                  0000a434    00000008     (.tramp.ti_sysbios_knl_Semaphore_destruct.1)
                  0000a43c    00000008     (.tramp.ti_sysbios_knl_Semaphore_create.1)
                  0000a444    00000008     (.tramp.ti_sysbios_knl_Task_startup__E.1)
                  0000a44c    00000008     (.tramp.ti_sysbios_knl_Swi_startup__E.1)
                  0000a454    00000008     (.tramp.ti_sysbios_hal_Hwi_startup__E.1)
                  0000a45c    00000008     (.tramp.ti_sysbios_family_arm_cc26xx_Timer_startup__E.1)
                  0000a464    00000008     (.tramp.xdc_runtime_System_atexit__E.1)
                  0000a46c    00000008     (.tramp.ti_sysbios_BIOS_linkedWithIncorrectBootLibrary__E.1)
                  0000a474    00000008     (.tramp.xdc_runtime_Startup_rtsDone__E.1)
                  0000a47c    00000008     (.tramp.ti_sysbios_knl_Swi_disable__E.1)
                  0000a484    00000008     (.tramp.ti_sysbios_family_arm_m3_Hwi_construct.1)
                  0000a48c    00000008     (.tramp.ti_sysbios_knl_Task_sleep__E.1)
                  0000a494    00000008     (.tramp.ti_sysbios_family_arm_m3_Hwi_Params__init__S.1)
                  0000a49c    00000008     (.tramp.ti_sysbios_knl_Clock_construct.1)
                  0000a4a4    00000008     (.tramp.ti_sysbios_knl_Clock_Params__init__S.1)
                  0000a4ac    00000008     (.tramp.strlen.1)
                  0000a4b4    00000008     (.tramp.ti_sysbios_knl_Swi_Params__init__S.1)
                  0000a4bc    00000008     (.tramp.xdc_runtime_System_exit__E.1)
                  0000a4c4    00000008     (.tramp.ti_sysbios_heaps_HeapMem_restore__E.1)
                  0000a4cc    00000008     (.tramp.ti_sysbios_heaps_HeapMem_Object__get__S.1)
                  0000a4d4    00000008     (.tramp.ti_sysbios_BIOS_start__E.1)
                  0000a4dc    00000008     (.tramp.xdc_runtime_Error_raiseX__E.1)
                  0000a4e4    00000008     (.tramp.ti_sysbios_BIOS_setThreadType__E.1)
                  0000a4ec    00000008     (.tramp.ti_sysbios_family_arm_m3_Hwi_excFillContext__I.1)
                  0000a4f4    00000008     (.tramp.ti_sysbios_knl_Semaphore_post__E.1)
                  0000a4fc    00000008     (.tramp.xdc_runtime_Memory_free__E.1)
                  0000a504    00000008     (.tramp.ti_sysbios_knl_Queue_next__E.1)
                  0000a50c    00000008     (.tramp.ti_sysbios_knl_Queue_head__E.1)
                  0000a514    00000008     (.tramp.ti_sysbios_knl_Semaphore_pend__E.1)
                  0000a51c    00000008     (.tramp.ti_sysbios_knl_Task_restore__E.1)
                  0000a524    00000008     (.tramp.ti_sysbios_knl_Queue_enqueue__E.1)
                  0000a52c    00000008     (.tramp.ti_sysbios_knl_Queue_empty__E.1)
                  0000a534    00000008     (.tramp.ti_sysbios_knl_Queue_remove__E.1)
                  0000a53c    00000008     (.tramp.ti_sysbios_knl_Task_disable__E.1)
                  0000a544    00000008     (.tramp.ti_sysbios_knl_Clock_stop__E.1)
                  0000a54c    00000008     (.tramp.ti_sysbios_knl_Clock_start__E.1)
                  0000a554    00000008     (.tramp.ti_sysbios_knl_Clock_setTimeout__E.1)
                  0000a55c    00000008     (.tramp.ti_sysbios_knl_Task_create.1)
                  0000a564    00000008     (.tramp.ti_sysbios_knl_Semaphore_construct.1)
                  0000a56c    00000008     (.tramp.ti_sysbios_knl_Semaphore_Params__init__S.1)
                  0000a574    00000008     (.tramp.ti_sysbios_knl_Queue_construct.1)
                  0000a57c    00000008     (.tramp.xdc_runtime_Memory_alloc__E.1)
                  0000a584    00000008     (.tramp.ti_sysbios_knl_Task_Params__init__S.1)
                  0000a58c    00000008     (.tramp.ti_sysbios_family_arm_m3_Hwi_restoreFxn__E.1)
                  0000a594    00000008     (.tramp.xdc_runtime_System_doPrint__I.1)

.const     0    0000a59c    0000070c     
                  0000a59c    000003b8     release_pem4f.oem4f (.const:ROM_constStruct)
                  0000a954    00000054     drivers_cc26x2.a : PowerCC26X2.oem4f (.const:resourceDB)
                  0000a9a8    00000048     release_pem4f.oem4f (.const:.string)
                  0000a9f0    00000048     release_pem4f.oem4f (.const:ROM_externFuncPtrs)
                  0000aa38    00000028     drivers_cc26x2.a : UARTCC26XX.oem4f (.const:UARTCC26XX_fxnTable)
                  0000aa60    00000028     ti_drivers_config.obj (.const:uartCC26XXHWAttrs)
                  0000aa88    00000024     ti_drivers_config.obj (.const:BoardGpioInitTable)
                  0000aaac    00000024     drivers_cc26x2.a : UART.oem4f (.const:UART_defaultParams)
                  0000aad0    00000024     release_pem4f.oem4f (.const:xdc_runtime_Startup_sfxnTab__A)
                  0000aaf4    00000020     display.a : DisplayUart.oem4f (.const:DisplayUartMin_fxnTable)
                  0000ab14    00000018     ti_drivers_config.obj (.const:i2cCC26xxHWAttrs)
                  0000ab2c    00000018     drivers_cc26x2.a : GPIOCC26XX.oem4f (.const:interruptType)
                  0000ab44    00000014     ti_drivers_config.obj (.const:$P$T1$2)
                  0000ab58    00000014     ti_drivers_config.obj (.const:GPIOCC26XX_config)
                  0000ab6c    00000014     ti_drivers_config.obj (.const:PowerCC26X2_config)
                  0000ab80    00000014     ti_drivers_config.obj (.const:displayUartHWAttrs)
                  0000ab94    00000014     drivers_cc26x2.a : UARTCC26XX.oem4f (.const:parityType)
                  0000aba8    00000012     release_pem4f.oem4f (.const:xdc_runtime_Startup_sfxnRts__A)
                  0000abba    00000001     display.a : Display.oem4f (.const:Display_defaultParams)
                  0000abbb    00000001     release_pem4f.oem4f (.const:xdc_runtime_Text_charTab__A)
                  0000abbc    00000010     drivers_cc26x2.a : I2C.oem4f (.const:I2C_defaultParams)
                  0000abcc    00000010                      : I2CCC26XX.oem4f (.const:I2C_defaultParams)
                  0000abdc    00000010                      : UARTCC26XX.oem4f (.const:dataLength)
                  0000abec    00000010                      : GPIOCC26XX.oem4f (.const:outPinTypes)
                  0000abfc    0000000c     ti_drivers_config.obj (.const:Display_config)
                  0000ac08    0000000c     ti_drivers_config.obj (.const:UART_config)
                  0000ac14    0000000c     drivers_cc26x2.a : GPIOCC26XX.oem4f (.const:inPinTypes)
                  0000ac20    0000000c                      : GPIOCC26XX.oem4f (.const:outPinStrengths)
                  0000ac2c    0000000c     release_pem4f.oem4f (.const:xdc_runtime_Startup_firstFxns__A)
                  0000ac38    00000009     ti_drivers_config.obj (.const)
                  0000ac41    00000003     --HOLE-- [fill = 0]
                  0000ac44    00000008     driverlib.lib : aux_sysif.obj (.const:$O1$$)
                  0000ac4c    00000008     ti_drivers_config.obj (.const:$P$T0$1)
                  0000ac54    00000008     ti_drivers_config.obj (.const:I2C_config)
                  0000ac5c    00000008     ti_drivers_config.obj (.const:PINCC26XX_hwAttrs)
                  0000ac64    00000008     drivers_cc26x2.a : UARTCC26XX.oem4f (.const:stopBits)
                  0000ac6c    00000008     release_pem4f.oem4f (.const:ti_sysbios_family_arm_m3_Hwi_excHookFuncs__A)
                  0000ac74    00000008     release_pem4f.oem4f (.const:ti_sysbios_knl_Idle_funcList__A)
                  0000ac7c    00000006     drivers_cc26x2.a : UARTCC26XX.oem4f (.const:.string:rxFifoBytes)
                  0000ac82    00000006                      : UARTCC26XX.oem4f (.const:.string:rxFifoThreshold)
                  0000ac88    00000006                      : UARTCC26XX.oem4f (.const:.string:txFifoBytes)
                  0000ac8e    00000006                      : UARTCC26XX.oem4f (.const:.string:txFifoThreshold)
                  0000ac94    00000004     release_pem4f.oem4f (.const:ti_sysbios_family_arm_m3_Hwi_E_exception__C)
                  0000ac98    00000004     release_pem4f.oem4f (.const:ti_sysbios_heaps_HeapMem_primaryHeapBaseAddr__C)
                  0000ac9c    00000004     release_pem4f.oem4f (.const:ti_sysbios_heaps_HeapMem_primaryHeapEndAddr__C)
                  0000aca0    00000004     release_pem4f.oem4f (.const:ti_sysbios_knl_Clock_tickPeriod__C)
                  0000aca4    00000004     release_pem4f.oem4f (.const:ti_sysbios_knl_Task_Object__heap__C)

MODULE SUMMARY

       Module                             code    ro data   rw data
       ------                             ----    -------   -------
    .\
       bio_sensor_library_test.obj        16246   0         4      
       bio_sensor.obj                     7118    0         39     
       main_tirtos.obj                    100     0         0      
    +--+----------------------------------+-------+---------+---------+
       Total:                             23464   0         43     
                                                                   
    .\syscfg\
       ti_drivers_config.obj              306     237       1860   
       ti_devices_config.obj              0       88        0      
    +--+----------------------------------+-------+---------+---------+
       Total:                             306     325       1860   
                                                                   
    D:\AveryW\SchoolStuff\WPI\ccs10_1\Workspace\tirtos_builds_cc13x2_cc26x2_release_ccs\Debug\configPkg\package\cfg\
       release_pem4f.oem4f                802     1259      1830   
    +--+----------------------------------+-------+---------+---------+
       Total:                             802     1259      1830   
                                                                   
    C:/ti/simplelink_cc13x2_26x2_sdk_4_30_00_54/kernel/tirtos/packages/ti/dpl/lib/ccs/m4f/dpl_cc26x2.a
       PowerCC26X2_tirtos.oem4f           260     0         8      
       SemaphoreP_tirtos.oem4f            126     0         0      
       SwiP_tirtos.oem4f                  116     0         0      
       ClockP_tirtos.oem4f                106     0         0      
       HwiP_tirtos.oem4f                  94      0         0      
       SystemP_tirtos.oem4f               4       0         0      
    +--+----------------------------------+-------+---------+---------+
       Total:                             706     0         8      
                                                                   
    C:/ti/simplelink_cc13x2_26x2_sdk_4_30_00_54/source/ti/devices/cc13x2_cc26x2/driverlib/bin/ccs/driverlib.lib
       sys_ctrl.obj                       428     0         0      
       osc.obj                            340     0         36     
       setup.obj                          324     0         0      
       chipinfo.obj                       250     0         0      
       prcm.obj                           160     0         0      
       aux_sysif.obj                      52      8         0      
       cpu.obj                            30      0         0      
       driverlib_release.obj              0       0         1      
    +--+----------------------------------+-------+---------+---------+
       Total:                             1584    8         37     
                                                                   
    C:/ti/simplelink_cc13x2_26x2_sdk_4_30_00_54/source/ti/display/lib/ccs/m4f/display.a
       DisplayUart.oem4f                  184     32        0      
       Display.oem4f                      174     1         0      
    +--+----------------------------------+-------+---------+---------+
       Total:                             358     33        0      
                                                                   
    C:/ti/simplelink_cc13x2_26x2_sdk_4_30_00_54/source/ti/drivers/lib/ccs/m4f/drivers_cc26x2.a
       UARTCC26XX.oem4f                   2760    108       0      
       PowerCC26X2.oem4f                  2060    84        368    
       PINCC26XX.oem4f                    1506    0         328    
       PowerCC26X2_calibrateRCOSC.oem4f   1400    0         0      
       I2CCC26XX.oem4f                    1150    16        0      
       GPIOCC26XX.oem4f                   660     64        61     
       I2C.oem4f                          366     16        0      
       UART.oem4f                         186     36        1      
       RingBuf.oem4f                      152     0         0      
       List.oem4f                         76      0         0      
    +--+----------------------------------+-------+---------+---------+
       Total:                             10316   324       758    
                                                                   
    C:\ti\simplelink_cc13x2_26x2_sdk_4_30_00_54\kernel\tirtos\packages\ti\targets\arm\rtsarm\lib\auto_init.aem4f
       auto_init.oem4f                    160     0         0      
    +--+----------------------------------+-------+---------+---------+
       Total:                             160     0         0      
                                                                   
    C:\ti\simplelink_cc13x2_26x2_sdk_4_30_00_54\kernel\tirtos\packages\ti\targets\arm\rtsarm\lib\boot.aem4f
       boot.oem4f                         88      0         0      
    +--+----------------------------------+-------+---------+---------+
       Total:                             88      0         0      
                                                                   
    D:\AveryW\SchoolStuff\WPI\ccs10_1\Workspace\tirtos_builds_cc13x2_cc26x2_release_ccs\src\sysbios\rom_sysbios.aem4f
       rom_sysbios.obj                    2045    0         136    
    +--+----------------------------------+-------+---------+---------+
       Total:                             2045    0         136    
                                                                   
    D:\AveryW\SchoolStuff\WPI\ccs10_1\ccs\tools\compiler\ti-cgt-arm_20.2.1.LTS\lib\rtsv7M4_T_le_v4SPD16_eabi.lib
       fd_add_t2.asm.obj                  438     0         0      
       fd_cmp_t2.asm.obj                  268     0         0      
       fd_mul_t2.asm.obj                  252     0         0      
       memcpy_t2.asm.obj                  156     0         0      
       ull_div_t2.asm.obj                 150     0         0      
       memset_t2.asm.obj                  122     0         0      
       copy_decompress_lzss.c.obj         104     0         0      
       cpy_tbl.c.obj                      76      0         0      
       fd_toi_t2.asm.obj                  72      0         0      
       fd_tou_t2.asm.obj                  68      0         0      
       u_divt2.asm.obj                    64      0         0      
       fs_tod_t2.asm.obj                  56      0         0      
       i_tofd_t2.asm.obj                  46      0         0      
       _lock.c.obj                        26      0         8      
       args_main.c.obj                    24      0         0      
       ll_mul_t2.asm.obj                  24      0         0      
       copy_decompress_none.c.obj         14      0         0      
       copy_zero_init.c.obj               12      0         0      
       stkdepth_vars.c.obj                0       0         4      
       div0.asm.obj                       2       0         0      
    +--+----------------------------------+-------+---------+---------+
       Total:                             1974    0         12     
                                                                   
       Stack:                             0       0         1024   
       Linker Generated:                  512     485       0      
    +--+----------------------------------+-------+---------+---------+
       Grand Total:                       42315   2434      5708   


LINKER GENERATED COPY TABLES

__TI_cinit_table @ 0000ae68 records: 5, size/record: 8, table size: 40
	.data: load addr=0000aca8, load size=00000191 bytes, run addr=20004cb8, run size=000005c5 bytes, compression=lzss
	.bss: load addr=0000ae48, load size=00000008 bytes, run addr=20004110, run size=00000ba3 bytes, compression=zero_init
	.data:xdcRomConstPtr: load addr=0000ae50, load size=00000008 bytes, run addr=20000100, run size=00000004 bytes, compression=lzss
	.data:xdcRomExternFuncPtr: load addr=0000ae58, load size=00000008 bytes, run addr=20000104, run size=00000004 bytes, compression=lzss
	.data:xdcRomStatePtr: load addr=0000ae60, load size=00000008 bytes, run addr=20000108, run size=00000004 bytes, compression=lzss


LINKER GENERATED HANDLER TABLE

__TI_handler_table @ 0000ae3c records: 3, size/record: 4, table size: 12
	index: 0, handler: __TI_decompress_lzss
	index: 1, handler: __TI_decompress_none
	index: 2, handler: __TI_zero_init


FAR CALL TRAMPOLINES

callee name               trampoline name
   callee addr  tramp addr   call addr  call info
--------------  -----------  ---------  ----------------
xdc_runtime_System_vsnprintf__E  $Tramp$TT$L$PI$$xdc_runtime_System_vsnprintf__E
   1002f8b9     0000a39c     0000a37a   dpl_cc26x2.a : SystemP_tirtos.oem4f (.text:SystemP_vsnprintf)
ti_sysbios_knl_Swi_destruct  $Tramp$TT$L$PI$$ti_sysbios_knl_Swi_destruct
   1002e8bd     0000a3a4     0000a36a   dpl_cc26x2.a : SwiP_tirtos.oem4f (.text:SwiP_destruct)
ti_sysbios_family_arm_m3_Hwi_enableInterrupt__E  $Tramp$TT$L$PI$$ti_sysbios_family_arm_m3_Hwi_enableInterrupt__E
   1002d91d     0000a3ac     0000a35e   dpl_cc26x2.a : HwiP_tirtos.oem4f (.text:HwiP_enableInterrupt)
ti_sysbios_family_arm_m3_Hwi_disableInterrupt__E  $Tramp$TT$L$PI$$ti_sysbios_family_arm_m3_Hwi_disableInterrupt__E
   1002d8d9     0000a3b4     0000a35a   dpl_cc26x2.a : HwiP_tirtos.oem4f (.text:HwiP_disableInterrupt)
ti_sysbios_family_arm_m3_Hwi_disableFxn__E  $Tramp$TT$L$PI$$ti_sysbios_family_arm_m3_Hwi_disableFxn__E
   1002eb55     0000a3bc     0000a356   dpl_cc26x2.a : HwiP_tirtos.oem4f (.text:HwiP_disable)
ti_sysbios_family_arm_m3_Hwi_destruct  $Tramp$TT$L$PI$$ti_sysbios_family_arm_m3_Hwi_destruct
   1002e475     0000a3c4     0000a352   dpl_cc26x2.a : HwiP_tirtos.oem4f (.text:HwiP_destruct)
ti_sysbios_BIOS_getCpuFreq__E  $Tramp$TT$L$PI$$ti_sysbios_BIOS_getCpuFreq__E
   1002e9fd     0000a3cc     0000a342   dpl_cc26x2.a : ClockP_tirtos.oem4f (.text:ClockP_getCpuFreq)
ti_sysbios_knl_Clock_destruct  $Tramp$TT$L$PI$$ti_sysbios_knl_Clock_destruct
   1002e649     0000a3d4     0000a33e   dpl_cc26x2.a : ClockP_tirtos.oem4f (.text:ClockP_destruct)
ti_sysbios_knl_Task_self__E  $Tramp$TT$L$PI$$ti_sysbios_knl_Task_self__E
   1002eaf5     0000a3dc     0000a286   rom_sysbios.aem4f : rom_sysbios.obj (.text:pthread_self)
                             0000a2dc   release_pem4f.oem4f (.text:ti_sysbios_rts_ti_ReentSupport_getTlsAddr__I)
ti_sysbios_knl_Semaphore_delete  $Tramp$TT$L$PI$$ti_sysbios_knl_Semaphore_delete
   1002ecdb     0000a3e4     0000a25a   dpl_cc26x2.a : SemaphoreP_tirtos.oem4f (.text:SemaphoreP_delete)
ti_sysbios_knl_Clock_logTick__E  $Tramp$TT$L$PI$$ti_sysbios_knl_Clock_logTick__E
   1002dbd7     0000a3ec     0000a136   release_pem4f.oem4f (.text:ti_sysbios_knl_Clock_doTick__I)
ti_sysbios_BIOS_getThreadType__E  $Tramp$TT$L$PI$$ti_sysbios_BIOS_getThreadType__E
   1002ea95     0000a3f4     0000a04a   rom_sysbios.aem4f : rom_sysbios.obj (.text:ti_sysbios_rts_ti_ReentSupport_getReent__F)
ti_sysbios_knl_Swi_post__E  $Tramp$TT$L$PI$$ti_sysbios_knl_Swi_post__E
   1002d891     0000a3fc     0000a044   rom_sysbios.aem4f : rom_sysbios.obj (.text:ti_sysbios_knl_Swi_or__E)
                             0000a13e   release_pem4f.oem4f (.text:ti_sysbios_knl_Clock_doTick__I)
                             0000a376   dpl_cc26x2.a : SwiP_tirtos.oem4f (.text:SwiP_post)
ti_sysbios_BIOS_RtsGateProxy_leave__E  $Tramp$TT$L$PI$$ti_sysbios_BIOS_RtsGateProxy_leave__E
   1002ec7b     0000a404     0000a026   release_pem4f.oem4f (.text:ti_sysbios_BIOS_rtsUnlock__I)
ti_sysbios_knl_Swi_construct  $Tramp$TT$L$PI$$ti_sysbios_knl_Swi_construct
   1002d719     0000a40c     00009e72   rom_sysbios.aem4f : rom_sysbios.obj (.text:ti_sysbios_knl_Swi_construct2__E)
ti_sysbios_knl_Swi_restore__E  $Tramp$TT$L$PI$$ti_sysbios_knl_Swi_restore__E
   1002db61     0000a414     00009e56   dpl_cc26x2.a : PowerCC26X2_tirtos.oem4f (.text:PowerCC26XX_schedulerRestore)
ti_sysbios_BIOS_RtsGateProxy_enter__E  $Tramp$TT$L$PI$$ti_sysbios_BIOS_RtsGateProxy_enter__E
   1002ec77     0000a41c     00009d66   release_pem4f.oem4f (.text:ti_sysbios_BIOS_rtsLock__I)
ti_sysbios_knl_Clock_TimerProxy_getCurrentTick__E  $Tramp$TT$L$PI$$ti_sysbios_knl_Clock_TimerProxy_getCurrentTick__E
   1002eac5     0000a424     000099b6   rom_sysbios.aem4f : rom_sysbios.obj (.text:ti_sysbios_knl_Clock_getTicksUntilInterrupt__E)
ti_sysbios_knl_Task_delete  $Tramp$TT$L$PI$$ti_sysbios_knl_Task_delete
   1002ece7     0000a42c     00009960   rom_sysbios.aem4f : rom_sysbios.obj (.text:_pthread_delete$45)
ti_sysbios_knl_Semaphore_destruct  $Tramp$TT$L$PI$$ti_sysbios_knl_Semaphore_destruct
   1002e6fd     0000a434     00009954   rom_sysbios.aem4f : rom_sysbios.obj (.text:_pthread_delete$45)
                             0000a362   dpl_cc26x2.a : SemaphoreP_tirtos.oem4f (.text:SemaphoreP_destruct)
ti_sysbios_knl_Semaphore_create  $Tramp$TT$L$PI$$ti_sysbios_knl_Semaphore_create
   1002dc49     0000a43c     00009940   dpl_cc26x2.a : SemaphoreP_tirtos.oem4f (.text:SemaphoreP_createBinary)
ti_sysbios_knl_Task_startup__E  $Tramp$TT$L$PI$$ti_sysbios_knl_Task_startup__E
   1002eceb     0000a444     00009858   release_pem4f.oem4f (.text:ti_sysbios_BIOS_startFunc__I)
ti_sysbios_knl_Swi_startup__E  $Tramp$TT$L$PI$$ti_sysbios_knl_Swi_startup__E
   1002ec6b     0000a44c     00009854   release_pem4f.oem4f (.text:ti_sysbios_BIOS_startFunc__I)
ti_sysbios_hal_Hwi_startup__E  $Tramp$TT$L$PI$$ti_sysbios_hal_Hwi_startup__E
   1002ec31     0000a454     00009850   release_pem4f.oem4f (.text:ti_sysbios_BIOS_startFunc__I)
ti_sysbios_family_arm_cc26xx_Timer_startup__E  $Tramp$TT$L$PI$$ti_sysbios_family_arm_cc26xx_Timer_startup__E
   1002dcf1     0000a45c     0000984c   release_pem4f.oem4f (.text:ti_sysbios_BIOS_startFunc__I)
xdc_runtime_System_atexit__E  $Tramp$TT$L$PI$$xdc_runtime_System_atexit__E
   1002f559     0000a464     00009844   release_pem4f.oem4f (.text:ti_sysbios_BIOS_startFunc__I)
ti_sysbios_BIOS_linkedWithIncorrectBootLibrary__E  $Tramp$TT$L$PI$$ti_sysbios_BIOS_linkedWithIncorrectBootLibrary__E
   1002d01b     0000a46c     0000983e   release_pem4f.oem4f (.text:ti_sysbios_BIOS_startFunc__I)
xdc_runtime_Startup_rtsDone__E  $Tramp$TT$L$PI$$xdc_runtime_Startup_rtsDone__E
   1002f8e5     0000a474     00009836   release_pem4f.oem4f (.text:ti_sysbios_BIOS_startFunc__I)
ti_sysbios_knl_Swi_disable__E  $Tramp$TT$L$PI$$ti_sysbios_knl_Swi_disable__E
   1002ea25     0000a47c     00009806   release_pem4f.oem4f (.text:ti_sysbios_BIOS_atExitFunc__I)
                             00009e3e   dpl_cc26x2.a : PowerCC26X2_tirtos.oem4f (.text:PowerCC26XX_schedulerDisable)
ti_sysbios_family_arm_m3_Hwi_construct  $Tramp$TT$L$PI$$ti_sysbios_family_arm_m3_Hwi_construct
   1002d421     0000a484     0000942e   rom_sysbios.aem4f : rom_sysbios.obj (.text:ti_sysbios_family_arm_m3_Hwi_construct2__E)
ti_sysbios_knl_Task_sleep__E  $Tramp$TT$L$PI$$ti_sysbios_knl_Task_sleep__E
   1002ce01     0000a48c     00009402   rom_sysbios.aem4f : rom_sysbios.obj (.text:sleep)
                             000096d0                     : rom_sysbios.obj (.text:usleep)
ti_sysbios_family_arm_m3_Hwi_Params__init__S  $Tramp$TT$L$PI$$ti_sysbios_family_arm_m3_Hwi_Params__init__S
   1002eb49     0000a494     00009378   dpl_cc26x2.a : HwiP_tirtos.oem4f (.text:HwiP_construct)
ti_sysbios_knl_Clock_construct  $Tramp$TT$L$PI$$ti_sysbios_knl_Clock_construct
   1002dd8d     0000a49c     000091d2   dpl_cc26x2.a : ClockP_tirtos.oem4f (.text:ClockP_construct)
ti_sysbios_knl_Clock_Params__init__S  $Tramp$TT$L$PI$$ti_sysbios_knl_Clock_Params__init__S
   1002eb9d     0000a4a4     000091b8   dpl_cc26x2.a : ClockP_tirtos.oem4f (.text:ClockP_construct)
strlen                    $Tramp$TT$L$PI$$strlen
   1002fddb     0000a4ac     00008fe2   display.a : DisplayUart.oem4f (.text:DisplayUartMin_vprintf)
ti_sysbios_knl_Swi_Params__init__S  $Tramp$TT$L$PI$$ti_sysbios_knl_Swi_Params__init__S
   1002ebf1     0000a4b4     00008bca   dpl_cc26x2.a : SwiP_tirtos.oem4f (.text:SwiP_construct)
xdc_runtime_System_exit__E  $Tramp$TT$L$PI$$xdc_runtime_System_exit__E
   1002f7b1     0000a4bc     00008a84   boot.aem4f : boot.oem4f (.text)
                             0000a0ca   release_pem4f.oem4f (.text:ti_sysbios_BIOS_exitFunc__I)
ti_sysbios_heaps_HeapMem_restore__E  $Tramp$TT$L$PI$$ti_sysbios_heaps_HeapMem_restore__E
   1002eb13     0000a4c4     000088c4   rom_sysbios.aem4f : rom_sysbios.obj (.text:ti_sysbios_heaps_HeapMem_initPrimary__I)
ti_sysbios_heaps_HeapMem_Object__get__S  $Tramp$TT$L$PI$$ti_sysbios_heaps_HeapMem_Object__get__S
   1002e275     0000a4cc     00008894   rom_sysbios.aem4f : rom_sysbios.obj (.text:ti_sysbios_heaps_HeapMem_initPrimary__I)
ti_sysbios_BIOS_start__E  $Tramp$TT$L$PI$$ti_sysbios_BIOS_start__E
   1002eaa5     0000a4d4     000084ba   main_tirtos.obj (.text:main)
xdc_runtime_Error_raiseX__E  $Tramp$TT$L$PI$$xdc_runtime_Error_raiseX__E
   1002f739     0000a4dc     00007dc2   rom_sysbios.aem4f : rom_sysbios.obj (.text:ti_sysbios_family_arm_m3_Hwi_excHandlerMin__I)
ti_sysbios_BIOS_setThreadType__E  $Tramp$TT$L$PI$$ti_sysbios_BIOS_setThreadType__E
   1002ea11     0000a4e4     00007d82   rom_sysbios.aem4f : rom_sysbios.obj (.text:ti_sysbios_family_arm_m3_Hwi_excHandlerMin__I)
                             00009810   release_pem4f.oem4f (.text:ti_sysbios_BIOS_atExitFunc__I)
                             0000a0c4   release_pem4f.oem4f (.text:ti_sysbios_BIOS_exitFunc__I)
ti_sysbios_family_arm_m3_Hwi_excFillContext__I  $Tramp$TT$L$PI$$ti_sysbios_family_arm_m3_Hwi_excFillContext__I
   1002bda9     0000a4ec     00007d7c   rom_sysbios.aem4f : rom_sysbios.obj (.text:ti_sysbios_family_arm_m3_Hwi_excHandlerMin__I)
ti_sysbios_knl_Semaphore_post__E  $Tramp$TT$L$PI$$ti_sysbios_knl_Semaphore_post__E
   1002cd21     0000a4f4     0000799a   rom_sysbios.aem4f : rom_sysbios.obj (.text:_pthread_removeThreadKeys)
                             00008acc                     : rom_sysbios.obj (.text:pthread_exit)
                             0000a366   dpl_cc26x2.a : SemaphoreP_tirtos.oem4f (.text:SemaphoreP_post)
xdc_runtime_Memory_free__E  $Tramp$TT$L$PI$$xdc_runtime_Memory_free__E
   1002f81d     0000a4fc     00007990   rom_sysbios.aem4f : rom_sysbios.obj (.text:_pthread_removeThreadKeys)
                             0000996c                     : rom_sysbios.obj (.text:_pthread_delete$45)
ti_sysbios_knl_Queue_next__E  $Tramp$TT$L$PI$$ti_sysbios_knl_Queue_next__E
   1002ecd7     0000a504     0000796a   rom_sysbios.aem4f : rom_sysbios.obj (.text:_pthread_removeThreadKeys)
ti_sysbios_knl_Queue_head__E  $Tramp$TT$L$PI$$ti_sysbios_knl_Queue_head__E
   1002ecd3     0000a50c     00007956   rom_sysbios.aem4f : rom_sysbios.obj (.text:_pthread_removeThreadKeys)
ti_sysbios_knl_Semaphore_pend__E  $Tramp$TT$L$PI$$ti_sysbios_knl_Semaphore_pend__E
   1002bfb1     0000a514     00007950   rom_sysbios.aem4f : rom_sysbios.obj (.text:_pthread_removeThreadKeys)
                             0000a15c   dpl_cc26x2.a : SemaphoreP_tirtos.oem4f (.text:SemaphoreP_pend)
ti_sysbios_knl_Task_restore__E  $Tramp$TT$L$PI$$ti_sysbios_knl_Task_restore__E
   1002df45     0000a51c     0000747a   rom_sysbios.aem4f : rom_sysbios.obj (.text:ti_sysbios_knl_Task_setPri__E)
                             00007944                     : rom_sysbios.obj (.text:_pthread_removeThreadKeys)
                             000079a4                     : rom_sysbios.obj (.text:_pthread_removeThreadKeys)
                             00008ade                     : rom_sysbios.obj (.text:pthread_exit)
                             00009bb4                     : rom_sysbios.obj (.text:_pthread_cleanupFxn)
                             00009e5e   dpl_cc26x2.a : PowerCC26X2_tirtos.oem4f (.text:PowerCC26XX_schedulerRestore)
ti_sysbios_knl_Queue_enqueue__E  $Tramp$TT$L$PI$$ti_sysbios_knl_Queue_enqueue__E
   1002ebd9     0000a524     0000744c   rom_sysbios.aem4f : rom_sysbios.obj (.text:ti_sysbios_knl_Task_setPri__E)
ti_sysbios_knl_Queue_empty__E  $Tramp$TT$L$PI$$ti_sysbios_knl_Queue_empty__E
   1002eb21     0000a52c     00007434   rom_sysbios.aem4f : rom_sysbios.obj (.text:ti_sysbios_knl_Task_setPri__E)
                             0000793c                     : rom_sysbios.obj (.text:_pthread_removeThreadKeys)
ti_sysbios_knl_Queue_remove__E  $Tramp$TT$L$PI$$ti_sysbios_knl_Queue_remove__E
   1002eb2f     0000a534     0000742e   rom_sysbios.aem4f : rom_sysbios.obj (.text:ti_sysbios_knl_Task_setPri__E)
                             00007972                     : rom_sysbios.obj (.text:_pthread_removeThreadKeys)
                             00007978                     : rom_sysbios.obj (.text:_pthread_removeThreadKeys)
ti_sysbios_knl_Task_disable__E  $Tramp$TT$L$PI$$ti_sysbios_knl_Task_disable__E
   1002ea4d     0000a53c     000073f4   rom_sysbios.aem4f : rom_sysbios.obj (.text:ti_sysbios_knl_Task_setPri__E)
                             00007932                     : rom_sysbios.obj (.text:_pthread_removeThreadKeys)
                             00008ad2                     : rom_sysbios.obj (.text:pthread_exit)
                             0000980a   release_pem4f.oem4f (.text:ti_sysbios_BIOS_atExitFunc__I)
                             00009ba6   rom_sysbios.aem4f : rom_sysbios.obj (.text:_pthread_cleanupFxn)
                             00009e36   dpl_cc26x2.a : PowerCC26X2_tirtos.oem4f (.text:PowerCC26XX_schedulerDisable)
ti_sysbios_knl_Clock_stop__E  $Tramp$TT$L$PI$$ti_sysbios_knl_Clock_stop__E
   1002e2c5     0000a544     00006a5a   dpl_cc26x2.a : PowerCC26X2_tirtos.oem4f (.text:PowerCC26XX_standbyPolicy)
                             0000a34e                : ClockP_tirtos.oem4f (.text:ClockP_stop)
ti_sysbios_knl_Clock_start__E  $Tramp$TT$L$PI$$ti_sysbios_knl_Clock_start__E
   1002e9e7     0000a54c     00006a46   dpl_cc26x2.a : PowerCC26X2_tirtos.oem4f (.text:PowerCC26XX_standbyPolicy)
                             0000a34a                : ClockP_tirtos.oem4f (.text:ClockP_start)
ti_sysbios_knl_Clock_setTimeout__E  $Tramp$TT$L$PI$$ti_sysbios_knl_Clock_setTimeout__E
   1002ecc3     0000a554     00006a40   dpl_cc26x2.a : PowerCC26X2_tirtos.oem4f (.text:PowerCC26XX_standbyPolicy)
                             0000a346                : ClockP_tirtos.oem4f (.text:ClockP_setTimeout)
ti_sysbios_knl_Task_create  $Tramp$TT$L$PI$$ti_sysbios_knl_Task_create
   1002d529     0000a55c     00006726   rom_sysbios.aem4f : rom_sysbios.obj (.text:pthread_create)
ti_sysbios_knl_Semaphore_construct  $Tramp$TT$L$PI$$ti_sysbios_knl_Semaphore_construct
   1002ddc1     0000a564     0000671c   rom_sysbios.aem4f : rom_sysbios.obj (.text:pthread_create)
                             00009914   dpl_cc26x2.a : SemaphoreP_tirtos.oem4f (.text:SemaphoreP_constructBinary)
ti_sysbios_knl_Semaphore_Params__init__S  $Tramp$TT$L$PI$$ti_sysbios_knl_Semaphore_Params__init__S
   1002ebe5     0000a56c     0000670a   rom_sysbios.aem4f : rom_sysbios.obj (.text:pthread_create)
                             00009904   dpl_cc26x2.a : SemaphoreP_tirtos.oem4f (.text:SemaphoreP_constructBinary)
                             00009930                : SemaphoreP_tirtos.oem4f (.text:SemaphoreP_createBinary)
ti_sysbios_knl_Queue_construct  $Tramp$TT$L$PI$$ti_sysbios_knl_Queue_construct
   1002dee5     0000a574     000066fe   rom_sysbios.aem4f : rom_sysbios.obj (.text:pthread_create)
xdc_runtime_Memory_alloc__E  $Tramp$TT$L$PI$$xdc_runtime_Memory_alloc__E
   1002f289     0000a57c     000066a6   rom_sysbios.aem4f : rom_sysbios.obj (.text:pthread_create)
ti_sysbios_knl_Task_Params__init__S  $Tramp$TT$L$PI$$ti_sysbios_knl_Task_Params__init__S
   1002ec09     0000a584     00006692   rom_sysbios.aem4f : rom_sysbios.obj (.text:pthread_create)
ti_sysbios_family_arm_m3_Hwi_restoreFxn__E  $Tramp$TT$L$PI$$ti_sysbios_family_arm_m3_Hwi_restoreFxn__E
   1002ec47     0000a58c     00005546   drivers_cc26x2.a : UARTCC26XX.oem4f (.text:UARTCC26XX_open)
                             00005552                    : UARTCC26XX.oem4f (.text:UARTCC26XX_open)
                             000055dc                    : UARTCC26XX.oem4f (.text:UARTCC26XX_open)
                             00005828                    : UARTCC26XX.oem4f (.text:UARTCC26XX_read)
                             00005884                    : UARTCC26XX.oem4f (.text:UARTCC26XX_read)
                             000058ac                    : UARTCC26XX.oem4f (.text:UARTCC26XX_read)
                             000058be                    : UARTCC26XX.oem4f (.text:UARTCC26XX_read)
                             00005908                    : UARTCC26XX.oem4f (.text:UARTCC26XX_read)
                             00005918                    : UARTCC26XX.oem4f (.text:UARTCC26XX_read)
                             00005a64                    : I2C.oem4f (.text:I2C_transferTimeout)
                             00005ae8                    : I2C.oem4f (.text:I2C_transferTimeout)
                             00005af6                    : I2C.oem4f (.text:I2C_transferTimeout)
                             00005b64                    : I2C.oem4f (.text:I2C_transferTimeout)
                             00005d02                    : GPIOCC26XX.oem4f (.text:GPIO_setConfig)
                             00005d32                    : GPIOCC26XX.oem4f (.text:GPIO_setConfig)
                             00005dca                    : I2CCC26XX.oem4f (.text:I2C_open)
                             00005dda                    : I2CCC26XX.oem4f (.text:I2C_open)
                             00005df8                    : I2CCC26XX.oem4f (.text:I2C_open)
                             00006466                    : PINCC26XX.oem4f (.text:PINCC26XX_setIoCfg)
                             00006866                    : UARTCC26XX.oem4f (.text:UARTCC26XX_write)
                             00006888                    : UARTCC26XX.oem4f (.text:UARTCC26XX_write)
                             000068de                    : UARTCC26XX.oem4f (.text:UARTCC26XX_write)
                             00006ad6                    : GPIOCC26XX.oem4f (.text:GPIO_init)
                             00006adc                    : GPIOCC26XX.oem4f (.text:GPIO_init)
                             00006ce4                    : PowerCC26X2.oem4f (.text:Power_releaseDependency)
                             00006f1a                    : PowerCC26X2.oem4f (.text:Power_setDependency)
[...]
1002eb3d  xdc_runtime_Timestamp_getFreq__E                                   
1002eb49  ti_sysbios_family_arm_m3_Hwi_Params__init__S                       
1002eb49  ti_sysbios_hal_Hwi_HwiProxy_Params__init__S                        
1002eb55  ti_sysbios_family_arm_m3_Hwi_disableFxn__E                         
1002eb61  ti_sysbios_family_arm_m3_Hwi_enableFxn__E                          
1002eb6d  ti_sysbios_gates_GateHwi_enter__E                                  
1002eb79  ti_sysbios_BIOS_RtsGateProxy_Params__init__S                       
1002eb79  ti_sysbios_gates_GateMutex_Params__init__S                         
1002eb79  ti_sysbios_heaps_HeapMem_Module_GateProxy_Params__init__S          
1002eb85  ti_sysbios_heaps_HeapTrack_Params__init__S                         
1002eb91  ti_sysbios_heaps_HeapTrack_isBlocking__E                           
1002eb9d  ti_sysbios_knl_Clock_Params__init__S                               
1002eba9  ti_sysbios_knl_Clock_getTimerHandle__E                             
1002ebb5  ti_sysbios_knl_Event_Params__init__S                               
1002ebc1  ti_sysbios_knl_Mailbox_Params__init__S                             
1002ebcd  ti_sysbios_knl_Queue_dequeue__E                                    
1002ebd9  ti_sysbios_knl_Queue_enqueue__E                                    
1002ebe5  ti_sysbios_knl_Semaphore_Params__init__S                           
1002ebf1  ti_sysbios_knl_Swi_Params__init__S                                 
1002ebfd  ti_sysbios_knl_Swi_self__E                                         
1002ec09  ti_sysbios_knl_Task_Params__init__S                                
1002ec15  ti_sysbios_hal_Hwi_Instance_finalize__E                            
1002ec1f  ti_sysbios_knl_Event_Instance_init__E                              
1002ec29  ti_sysbios_family_arm_m3_Hwi_doSwiRestore__I                       
1002ec31  ti_sysbios_family_arm_m3_Hwi_startup__E                            
1002ec31  ti_sysbios_hal_Hwi_HwiProxy_startup__E                             
1002ec31  ti_sysbios_hal_Hwi_HwiProxy_startup__E                             
1002ec31  ti_sysbios_hal_Hwi_startup__E                                      
1002ec31  ti_sysbios_hal_Hwi_startup__E                                      
1002ec39  ti_sysbios_knl_Idle_loop__E                                        
1002ec41  ti_sysbios_family_arm_m3_Hwi_doTaskRestore__I                      
1002ec47  HwiP_restore                                                       
1002ec47  ti_sysbios_family_arm_m3_Hwi_restoreFxn__E                         
1002ec4d  ti_sysbios_gates_GateHwi_leave__E                                  
1002ec53  ti_sysbios_gates_GateMutex_Instance_finalize__E                    
1002ec59  ti_sysbios_heaps_HeapMem_isBlocking__E                             
1002ec5f  ti_sysbios_knl_Queue_Instance_init__E                              
1002ec65  ti_sysbios_knl_Queue_elemClear__E                                  
1002ec6b  ti_sysbios_knl_Swi_startup__E                                      
1002ec71  ti_sysbios_knl_Task_enable__E                                      
1002ec77  ti_sysbios_BIOS_RtsGateProxy_enter__E                              
1002ec7b  ti_sysbios_BIOS_RtsGateProxy_leave__E                              
1002ec7f  ti_sysbios_family_arm_cc26xx_Timer_getExpiredTicks__E              
1002ec83  ti_sysbios_family_arm_cc26xx_Timer_getPeriod__E                    
1002ec87  ti_sysbios_family_arm_cc26xx_Timer_setPeriod__E                    
1002ec8b  ti_sysbios_family_arm_m3_Hwi_delete                                
1002ec8f  ti_sysbios_family_arm_m3_TaskSupport_Module__startupDone__S        
1002ec8f  ti_sysbios_knl_Task_SupportProxy_Module__startupDone__S            
1002ec93  ti_sysbios_gates_GateHwi_query__E                                  
1002ec93  xdc_runtime_Main_Module_GateProxy_query__E                         
1002ec93  xdc_runtime_System_Module_GateProxy_query__E                       
1002ec93  xdc_runtime_System_Module_GateProxy_query__E                       
1002ec97  ti_sysbios_gates_GateMutex_delete                                  
1002ec9b  ti_sysbios_BIOS_RtsGateProxy_query__E                              
1002ec9b  ti_sysbios_BIOS_RtsGateProxy_query__E                              
1002ec9b  ti_sysbios_gates_GateMutex_query__E                                
1002ec9b  ti_sysbios_heaps_HeapMem_Module_GateProxy_query__E                 
1002ec9b  ti_sysbios_heaps_HeapMem_Module_GateProxy_query__E                 
1002ec9f  ti_sysbios_hal_Hwi_HwiProxy_create                                 
1002eca3  ti_sysbios_hal_Hwi_HwiProxy_delete                                 
1002eca7  ti_sysbios_hal_Hwi_delete                                          
1002ecab  ti_sysbios_heaps_HeapMem_Module_GateProxy_enter__E                 
1002ecaf  ti_sysbios_heaps_HeapMem_Module_GateProxy_leave__E                 
1002ecb3  ti_sysbios_knl_Clock_TimerProxy_getExpiredTicks__E                 
1002ecb7  ti_sysbios_knl_Clock_TimerProxy_getPeriod__E                       
1002ecbb  ti_sysbios_knl_Clock_delete                                        
1002ecbf  ti_sysbios_knl_Clock_removeI__E                                    
1002ecc3  ti_sysbios_knl_Clock_setTimeout__E                                 
1002ecc7  ti_sysbios_knl_Event_delete                                        
1002eccb  ti_sysbios_knl_Mailbox_delete                                      
1002eccf  ti_sysbios_knl_Queue_delete                                        
1002ecd3  ti_sysbios_knl_Queue_head__E                                       
1002ecd7  ti_sysbios_knl_Queue_next__E                                       
1002ecdb  ti_sysbios_knl_Semaphore_delete                                    
1002ecdf  ti_sysbios_knl_Swi_delete                                          
1002ece3  ti_sysbios_knl_Swi_postInit__I                                     
1002ece7  ti_sysbios_knl_Task_delete                                         
1002eceb  ti_sysbios_knl_Task_startup__E                                     
1002ecf1  xdc_runtime_System_doPrint__I                                      
1002f055  xdc_runtime_Startup_startMods__I                                   
1002f15d  xdc_runtime_Text_putSite__E                                        
1002f1f7  xdc_runtime_Error_policySpin__E                                    
1002f1f9  xdc_runtime_Text_putMod__E                                         
1002f289  xdc_runtime_Memory_alloc__E                                        
1002f2f9  xdc_runtime_Core_createObject__I                                   
1002f367  xdc_runtime_Core_deleteObject__I                                   
1002f3c5  xdc_runtime_Text_putLab__E                                         
1002f421  xdc_runtime_Assert_raise__I                                        
1002f475  xdc_runtime_Startup_exec__E                                        
1002f4c9  xdc_runtime_Core_assignParams__I                                   
1002f511  xdc_runtime_Core_constructObject__I                                
1002f559  xdc_runtime_System_atexit__E                                       
1002f5a1  xdc_runtime_Text_xprintf__I                                        
1002f5e5  xdc_runtime_System_processAtExit__E                                
1002f625  xdc_runtime_System_putchar__I                                      
1002f659  xdc_runtime_Core_assignLabel__I                                    
1002f689  xdc_runtime_Text_printVisFxn__I                                    
1002f6b9  xdc_runtime_System_vprintf__E                                      
1002f6e5  xdc_runtime_Text_cordText__E                                       
1002f711  xdc_runtime_System_abort__E                                        
1002f739  xdc_runtime_Error_raiseX__E                                        
1002f759  xdc_runtime_Registry_findById__E                                   
1002f779  xdc_runtime_Error_check__E                                         
1002f795  xdc_runtime_Memory_valloc__E                                       
1002f7b1  xdc_runtime_System_exit__E                                         
1002f7cd  xdc_runtime_Text_ropeText__E                                       
1002f7e9  xdc_runtime_System_printf__E                                       
1002f803  xdc_runtime_Core_destructObject__I                                 
1002f81b  xdc_runtime_System_abortSpin__E                                    
1002f81d  xdc_runtime_Memory_free__E                                         
1002f831  xdc_runtime_Memory_getStats__E                                     
1002f845  xdc_runtime_SysCallback_abort__E                                   
1002f845  xdc_runtime_System_SupportProxy_abort__E                           
1002f859  xdc_runtime_SysCallback_exit__E                                    
1002f859  xdc_runtime_System_SupportProxy_exit__E                            
1002f86d  xdc_runtime_SysCallback_flush__E                                   
1002f86d  xdc_runtime_System_SupportProxy_flush__E                           
1002f86d  xdc_runtime_System_flush__E                                        
1002f881  xdc_runtime_SysCallback_putch__E                                   
1002f881  xdc_runtime_System_SupportProxy_putch__E                           
1002f895  xdc_runtime_SysCallback_ready__E                                   
1002f895  xdc_runtime_System_SupportProxy_ready__E                           
1002f8a9  xdc_runtime_Memory_getMaxDefaultTypeAlign__E                       
1002f8b9  xdc_runtime_System_vsnprintf__E                                    
1002f8c9  xdc_runtime_Timestamp_SupportProxy_get32__E                        
1002f8c9  xdc_runtime_Timestamp_SupportProxy_get32__E                        
1002f8c9  xdc_runtime_Timestamp_get32__E                                     
1002f8c9  xdc_runtime_Timestamp_get32__E                                     
1002f8d9  xdc_runtime_Memory_calloc__E                                       
1002f8e5  xdc_runtime_Startup_rtsDone__E                                     
1002f8f1  xdc_runtime_Memory_HeapProxy_alloc__E                              
1002f8fb  xdc_runtime_Memory_HeapProxy_free__E                               
1002f905  xdc_runtime_Memory_HeapProxy_getStats__E                           
1002f90f  xdc_runtime_Gate_leaveSystem__E                                    
1002f915  xdc_runtime_System_Module_startup__E                               
1002f91b  xdc_runtime_Gate_enterSystem__E                                    
1002f91f  xdc_runtime_SysCallback_Module__startupDone__S                     
1002f91f  xdc_runtime_System_SupportProxy_Module__startupDone__S             
1002f923  xdc_runtime_System_Module_GateProxy_enter__E                       
1002f927  xdc_runtime_System_Module_GateProxy_leave__E                       
1002f92b  xdc_runtime_System_printf_va__F                                    
1002f92f  xdc_runtime_System_exitSpin__E                                     
1002f931  ti_sysbios_family_arm_m3_Hwi_dispatch__I                           
1002fa11  ti_sysbios_family_arm_m3_Hwi_interruptsAreDisabledButShouldNotBe   
1002fa2d  ti_sysbios_family_arm_m3_TaskSupport_buildTaskStack                
1002fab9  ti_sysbios_family_arm_m3_Hwi_initStacks__E                         
1002fb11  ti_sysbios_family_arm_m3_Hwi_pendSV__I                             
1002fb35  ti_sysbios_family_arm_m3_Hwi_return                                
1002fb39  ti_sysbios_family_arm_m3_Hwi_excHandlerAsm__I                      
1002fb59  ti_sysbios_family_xxx_Hwi_switchAndRunFunc                         
1002fb77  ti_sysbios_family_arm_m3_TaskSupport_swap__E                       
1002fb77  ti_sysbios_knl_Task_SupportProxy_swap__E                           
1002fb77  ti_sysbios_knl_Task_SupportProxy_swap__E                           
1002fb83  ti_sysbios_knl_Task_swapReturn                                     
1002fb8f  ti_sysbios_family_arm_m3_TaskSupport_glue                          
1002fba0  ti_sysbios_knl_Task_Object__PARAMS__C                              
1002fbdc  ti_sysbios_knl_Mailbox_Object__PARAMS__C                           
1002fc10  ti_sysbios_family_arm_m3_Hwi_Object__PARAMS__C                     
1002fc40  ti_sysbios_hal_Hwi_Object__PARAMS__C                               
1002fc6c  ti_sysbios_knl_Swi_Object__PARAMS__C                               
1002fc94  ti_sysbios_heaps_HeapMem_Object__PARAMS__C                         
1002fcb8  ti_sysbios_knl_Clock_Object__PARAMS__C                             
1002fcdc  ti_sysbios_knl_Semaphore_Object__PARAMS__C                         
1002fd00  ti_sysbios_gates_GateHwi_Object__PARAMS__C                         
1002fd18  ti_sysbios_gates_GateMutex_Object__PARAMS__C                       
1002fd30  ti_sysbios_knl_Event_Object__PARAMS__C                             
1002fd48  ti_sysbios_knl_Queue_Object__PARAMS__C                             
1002fd80  ti_sysbios_heaps_HeapTrack_Object__PARAMS__C                       
1002fd9c  ti_sysbios_heaps_HeapTrack_Instance_State_trackQueue__O            
1002fda0  ti_sysbios_heaps_HeapTrack_Module__diagsEnabled__C                 
1002fda4  ti_sysbios_heaps_HeapTrack_Module__diagsIncluded__C                
1002fda8  ti_sysbios_heaps_HeapTrack_Module__diagsMask__C                    
1002fddb  strlen                                                             
20000000  __start___llvm_prf_cnts                                            
20000000  __stop___llvm_prf_cnts                                             
20000000  ti_sysbios_family_arm_m3_Hwi_ramVectors                            
20000100  xdcRomConstPtr                                                     
20000104  xdcRomExternFuncPtr                                                
20000108  xdcRomStatePtr                                                     
20000110  __primary_heap_start__                                             
20004110  __primary_heap_end__                                               
20004510  ti_sysbios_knl_Task_Instance_State_0_stack__A                      
20004710  uartCC26XXObjects                                                  
200048c4  i2cCC26xxObjects                                                   
20004a08  ti_sysbios_family_arm_m3_Hwi_dispatchTable                         
20004ae0  pinHandleTable                                                     
20004c40  gi2cTransaction                                                    
20004c88  displayUartObject                                                  
20004ca4  PowerCC26XX_swiKey                                                 
20004ca8  PowerCC26XX_taskKey                                                
20004cac  gi2cHandle                                                         
20004cb0  driverlib_release_0_58048                                          
20004cb1  userAlgoMode                                                       
20004cb2  userOutputMode                                                     
20004cb8  PowerCC26X2_module                                                 
20004e28  ROM_stateStruct                                                    
20004e28  ti_sysbios_knl_Clock_Module__state__V                              
20004e54  ti_sysbios_family_arm_cc26xx_TimestampProvider_Module__state__V    
20004e58  xdc_runtime_Startup_Module__state__V                               
20004e60  xdc_runtime_Registry_Module__state__V                              
20004e68  ti_sysbios_BIOS_Module__state__V                                   
20004e8c  ti_sysbios_knl_Swi_Module__state__V                                
20004ea8  ti_sysbios_knl_Task_Module__state__V                               
20004eec  xdc_runtime_Memory_Module__state__V                                
20004ef0  xdc_runtime_System_Module__state__V                                
20004ef8  ti_sysbios_family_arm_m3_Hwi_Module__state__V                      
20004f2c  ti_sysbios_family_arm_cc26xx_Timer_Module__state__V                
20004fbc  ti_sysbios_gates_GateMutex_Object__table__V                        
20005010  ti_sysbios_knl_Task_Object__table__V                               
20005060  ti_sysbios_family_arm_cc26xx_Timer_Object__table__V                
200050a8  ti_sysbios_knl_Swi_Module_State_0_readyQ__A                        
200050d8  ti_sysbios_knl_Swi_Object__table__V                                
20005108  ti_sysbios_knl_Task_Module_State_0_readyQ__A                       
20005138  _hposcCoeffs                                                       
2000515c  ti_sysbios_knl_Clock_Object__table__V                              
2000517c  xdc_runtime_Error_IgnoreBlock                                      
2000519c  ti_sysbios_family_arm_m3_Hwi_Object__table__V                      
200051b4  ti_sysbios_heaps_HeapMem_Object__table__V                          
200051cc  gpioCallbackFunctions                                              
200051dc  gpioPinConfigs                                                     
200051ec  _lock                                                              
200051f0  _unlock                                                            
200051f4  pinUpperBound                                                      
200051f8  pinLowerBound                                                      
200051fc  ti_sysbios_family_arm_m3_Hwi_Module__root__V                       
20005204  ti_sysbios_gates_GateHwi_Module__root__V                           
2000520c  ti_sysbios_gates_GateMutex_Module__root__V                         
20005214  ti_sysbios_hal_Hwi_Module__root__V                                 
2000521c  ti_sysbios_heaps_HeapMem_Module__root__V                           
20005224  ti_sysbios_knl_Clock_Module__root__V                               
2000522c  ti_sysbios_knl_Event_Module__root__V                               
20005234  ti_sysbios_knl_Mailbox_Module__root__V                             
2000523c  ti_sysbios_knl_Queue_Module__root__V                               
20005244  ti_sysbios_knl_Semaphore_Module__root__V                           
2000524c  ti_sysbios_knl_Swi_Module__root__V                                 
20005254  ti_sysbios_knl_Task_Module__root__V                                
2000525c  xdc_runtime_System_Module_State_0_atexitHandlers__A                
20005269  sampleNum                                                          
2000526a  ti_sysbios_family_arm_m3_Hwi_Module_State_0_excActive__A           
2000526c  main_func_sp                                                       
20005270  ti_sysbios_family_arm_m3_Hwi_Module_State_0_excContext__A          
20005274  ti_sysbios_family_arm_m3_Hwi_Module_State_0_excStack__A            
20005278  ti_sysbios_knl_Task_Module_State_0_idleTask__A                     
20013c00  __stack                                                            
20014000  __STACK_END                                                        
e000e000  ti_sysbios_family_arm_m3_Hwi_nvic                                  
ffffffff  __TI_pprof_out_hndl                                                
ffffffff  __TI_prof_data_size                                                
ffffffff  __TI_prof_data_start                                               
ffffffff  __binit__                                                          
ffffffff  __c_args__                                                         
ffffffff  binit                                                              
UNDEFED   ITM_flush                                                          
UNDEFED   ITM_restore                                                        
UNDEFED   SHT$$INIT_ARRAY$$Base                                              
UNDEFED   SHT$$INIT_ARRAY$$Limit                                             

[945 symbols]
